2026-10-09 09:05:09,610 INFO src.event_risk.service: Event context: 2 raw items, 2 clusters, fetch=0.006s
2026-10-09 09:06:55,401 WARNING src.futures.scanner: Directional history failed for NIFTYFPI: ValueError
2026-10-09 09:07:02,872 INFO src.event_risk.service: 360ONE event risk: score=0.00 level=VERY_LOW direction=UNCERTAIN readiness=0.0->0.0 event_penalty=0.0 data_uncertainty_penalty=2.0 size=1.00
2026-10-09 09:07:02,898 INFO src.event_risk.service: ABB event risk: score=0.00 level=VERY_LOW direction=UNCERTAIN readiness=0.0->0.0 event_penalty=0.0 data_uncertainty_penalty=2.0 size=1.00
2026-10-09 09:07:02,933 INFO src.event_risk.service: ABCAPITAL event risk: score=0.00 level=VERY_LOW direction=UNCERTAIN readiness=0.0->0.0 event_penalty=0.0 data_uncertainty_penalty=2.0 size=1.00
2026-10-09 09:07:02,967 INFO src.event_risk.service: ADANIENSOL event risk: score=0.00 level=VERY_LOW direction=UNCERTAIN readiness=0.0->0.0 event_penalty=0.0 data_uncertainty_penalty=2.0 size=1.00
2026-10-09 09:07:02,999 INFO src.event_risk.service: ADANIENT event risk: score=0.00 level=VERY_LOW direction=UNCERTAIN readiness=0.0->0.0 event_penalty=0.0 data_uncertainty_penalty=2.0 size=1.00
2026-10-09 09:07:03,032 INFO src.event_risk.service: ADANIGREEN event risk: score=0.00 level=VERY_LOW direction=UNCERTAIN readiness=0.0->0.0 event_penalty=0.0 data_uncertainty_penalty=2.0 size=1.00
2026-10-09 09:07:03,065 INFO src.event_risk.service: ADANIPORTS event risk: score=0.00 level=VERY_LOW direction=UNCERTAIN readiness=0.0->0.0 event_penalty=0.0 data_uncertainty_penalty=2.0 size=1.00
2026-10-09 09:07:03,109 INFO src.event_risk.service: ADANIPOWER event risk: score=0.00 level=VERY_LOW direction=UNCERTAIN readiness=0.0->0.0 event_penalty=0.0 data_uncertainty_penalty=2.0 size=1.00
2026-10-09 09:07:03,143 INFO src.event_risk.service: ALKEM event risk: score=0.00 level=VERY_LOW direction=UNCERTAIN readiness=0.0->0.0 event_penalty=0.0 data_uncertainty_penalty=2.0 size=1.00
2026-10-09 09:07:03,187 INFO src.event_risk.service: AMBER event risk: score=0.00 level=VERY_LOW direction=UNCERTAIN readiness=0.0->0.0 event_penalty=0.0 data_uncertainty_penalty=2.0 size=1.00
2026-10-09 09:07:03,221 INFO src.event_risk.service: AMBUJACEM event risk: score=0.00 level=VERY_LOW direction=UNCERTAIN readiness=0.0->0.0 event_penalty=0.0 data_uncertainty_penalty=2.0 size=1.00
2026-10-09 09:07:03,269 INFO src.event_risk.service: ANANDRATHI event risk: score=0.00 level=VERY_LOW direction=UNCERTAIN readiness=0.0->0.0 event_penalty=0.0 data_uncertainty_penalty=2.0 size=1.00
2026-10-09 09:07:03,326 INFO src.event_risk.service: ANGELONE event risk: score=0.00 level=VERY_LOW direction=UNCERTAIN readiness=0.0->0.0 event_penalty=0.0 data_uncertainty_penalty=2.0 size=1.00
2026-10-09 09:07:03,361 INFO src.event_risk.service: APLAPOLLO event risk: score=0.00 level=VERY_LOW direction=UNCERTAIN readiness=0.0->0.0 event_penalty=0.0 data_uncertainty_penalty=2.0 size=1.00
2026-10-09 09:07:03,410 INFO src.event_risk.service: APOLLOHOSP event risk: score=0.00 level=VERY_LOW direction=UNCERTAIN readiness=0.0->0.0 event_penalty=0.0 data_uncertainty_penalty=2.0 size=1.00
2026-10-09 09:07:03,452 INFO src.event_risk.service: ASHOKLEY event risk: score=0.00 level=VERY_LOW direction=UNCERTAIN readiness=0.0->0.0 event_penalty=0.0 data_uncertainty_penalty=2.0 size=1.00
2026-10-09 09:07:03,502 INFO src.event_risk.service: ASIANPAINT event risk: score=0.00 level=VERY_LOW direction=UNCERTAIN readiness=0.0->0.0 event_penalty=0.0 data_uncertainty_penalty=2.0 size=1.00
2026-10-09 09:07:03,537 INFO src.event_risk.service: ASTRAL event risk: score=0.00 level=VERY_LOW direction=UNCERTAIN readiness=0.0->0.0 event_penalty=0.0 data_uncertainty_penalty=2.0 size=1.00
2026-10-09 09:07:03,572 INFO src.event_risk.service: ATHERENERG event risk: score=0.00 level=VERY_LOW direction=UNCERTAIN readiness=0.0->0.0 event_penalty=0.0 data_uncertainty_penalty=2.0 size=1.00
2026-10-09 09:07:03,609 INFO src.event_risk.service: AUBANK event risk: score=0.00 level=VERY_LOW direction=UNCERTAIN readiness=0.0->0.0 event_penalty=0.0 data_uncertainty_penalty=2.0 size=1.00
2026-10-09 09:07:03,654 INFO src.event_risk.service: AUROPHARMA event risk: score=0.00 level=VERY_LOW direction=UNCERTAIN readiness=0.0->0.0 event_penalty=0.0 data_uncertainty_penalty=2.0 size=1.00
2026-10-09 09:07:03,694 INFO src.event_risk.service: AXISBANK event risk: score=0.00 level=VERY_LOW direction=UNCERTAIN readiness=0.0->0.0 event_penalty=0.0 data_uncertainty_penalty=2.0 size=1.00
2026-10-09 09:07:03,733 INFO src.event_risk.service: BAJAJ-AUTO event risk: score=0.00 level=VERY_LOW direction=UNCERTAIN readiness=0.0->0.0 event_penalty=0.0 data_uncertainty_penalty=2.0 size=1.00
2026-10-09 09:07:03,804 INFO src.event_risk.service: BAJAJFINSV event risk: score=0.00 level=VERY_LOW direction=UNCERTAIN readiness=0.0->0.0 event_penalty=0.0 data_uncertainty_penalty=2.0 size=1.00
2026-10-09 09:07:03,841 INFO src.event_risk.service: BAJAJHLDNG event risk: score=0.00 level=VERY_LOW direction=UNCERTAIN readiness=0.0->0.0 event_penalty=0.0 data_uncertainty_penalty=2.0 size=1.00
2026-10-09 09:07:03,879 INFO src.event_risk.service: BAJFINANCE event risk: score=0.00 level=VERY_LOW direction=UNCERTAIN readiness=0.0->0.0 event_penalty=0.0 data_uncertainty_penalty=2.0 size=1.00
2026-10-09 09:07:03,915 INFO src.event_risk.service: BANDHANBNK event risk: score=0.00 level=VERY_LOW direction=UNCERTAIN readiness=0.0->0.0 event_penalty=0.0 data_uncertainty_penalty=2.0 size=1.00
2026-10-09 09:07:03,960 INFO src.event_risk.service: BANKBARODA event risk: score=0.00 level=VERY_LOW direction=UNCERTAIN readiness=0.0->0.0 event_penalty=0.0 data_uncertainty_penalty=2.0 size=1.00
2026-10-09 09:07:04,081 INFO src.event_risk.service: BANKINDIA event risk: score=0.00 level=VERY_LOW direction=UNCERTAIN readiness=0.0->0.0 event_penalty=0.0 data_uncertainty_penalty=2.0 size=1.00
2026-10-09 09:07:04,122 INFO src.event_risk.service: BDL event risk: score=0.00 level=VERY_LOW direction=UNCERTAIN readiness=0.0->0.0 event_penalty=0.0 data_uncertainty_penalty=2.0 size=1.00
2026-10-09 09:07:04,157 INFO src.event_risk.service: BEL event risk: score=0.00 level=VERY_LOW direction=UNCERTAIN readiness=0.0->0.0 event_penalty=0.0 data_uncertainty_penalty=2.0 size=1.00
2026-10-09 09:07:04,202 INFO src.event_risk.service: BHARATFORG event risk: score=0.00 level=VERY_LOW direction=UNCERTAIN readiness=0.0->0.0 event_penalty=0.0 data_uncertainty_penalty=2.0 size=1.00
2026-10-09 09:07:04,282 INFO src.event_risk.service: BHARTIARTL event risk: score=0.00 level=VERY_LOW direction=UNCERTAIN readiness=0.0->0.0 event_penalty=0.0 data_uncertainty_penalty=2.0 size=1.00
2026-10-09 09:07:04,363 INFO src.event_risk.service: BHEL event risk: score=0.00 level=VERY_LOW direction=UNCERTAIN readiness=0.0->0.0 event_penalty=0.0 data_uncertainty_penalty=2.0 size=1.00
2026-10-09 09:07:04,413 INFO src.event_risk.service: BIOCON event risk: score=0.00 level=VERY_LOW direction=UNCERTAIN readiness=0.0->0.0 event_penalty=0.0 data_uncertainty_penalty=2.0 size=1.00
2026-10-09 09:07:04,485 INFO src.event_risk.service: BLUESTARCO event risk: score=0.00 level=VERY_LOW direction=UNCERTAIN readiness=0.0->0.0 event_penalty=0.0 data_uncertainty_penalty=2.0 size=1.00
2026-10-09 09:07:04,542 INFO src.event_risk.service: BOSCHLTD event risk: score=0.00 level=VERY_LOW direction=UNCERTAIN readiness=0.0->0.0 event_penalty=0.0 data_uncertainty_penalty=2.0 size=1.00
2026-10-09 09:07:04,582 INFO src.event_risk.service: BPCL event risk: score=0.00 level=VERY_LOW direction=UNCERTAIN readiness=0.0->0.0 event_penalty=0.0 data_uncertainty_penalty=2.0 size=1.00
2026-10-09 09:07:04,633 INFO src.event_risk.service: BRITANNIA event risk: score=0.00 level=VERY_LOW direction=UNCERTAIN readiness=0.0->0.0 event_penalty=0.0 data_uncertainty_penalty=2.0 size=1.00
2026-10-09 09:07:04,703 INFO src.event_risk.service: BSE event risk: score=0.00 level=VERY_LOW direction=UNCERTAIN readiness=0.0->0.0 event_penalty=0.0 data_uncertainty_penalty=2.0 size=1.00
2026-10-09 09:07:04,737 INFO src.event_risk.service: CAMS event risk: score=0.00 level=VERY_LOW direction=UNCERTAIN readiness=0.0->0.0 event_penalty=0.0 data_uncertainty_penalty=2.0 size=1.00
2026-10-09 09:07:04,779 INFO src.event_risk.service: CANBK event risk: score=0.00 level=VERY_LOW direction=UNCERTAIN readiness=0.0->0.0 event_penalty=0.0 data_uncertainty_penalty=2.0 size=1.00
2026-10-09 09:07:04,821 INFO src.event_risk.service: CDSL event risk: score=0.00 level=VERY_LOW direction=UNCERTAIN readiness=0.0->0.0 event_penalty=0.0 data_uncertainty_penalty=2.0 size=1.00
2026-10-09 09:07:04,859 INFO src.event_risk.service: CGPOWER event risk: score=0.00 level=VERY_LOW direction=UNCERTAIN readiness=0.0->0.0 event_penalty=0.0 data_uncertainty_penalty=2.0 size=1.00
2026-10-09 09:07:04,901 INFO src.event_risk.service: CHOLAFIN event risk: score=0.00 level=VERY_LOW direction=UNCERTAIN readiness=0.0->0.0 event_penalty=0.0 data_uncertainty_penalty=2.0 size=1.00
2026-10-09 09:07:04,934 INFO src.event_risk.service: CIPLA event risk: score=0.00 level=VERY_LOW direction=UNCERTAIN readiness=0.0->0.0 event_penalty=0.0 data_uncertainty_penalty=2.0 size=1.00
2026-10-09 09:07:04,972 INFO src.event_risk.service: COALINDIA event risk: score=0.00 level=VERY_LOW direction=UNCERTAIN readiness=0.0->0.0 event_penalty=0.0 data_uncertainty_penalty=2.0 size=1.00
2026-10-09 09:07:05,005 INFO src.event_risk.service: COCHINSHIP event risk: score=0.00 level=VERY_LOW direction=UNCERTAIN readiness=0.0->0.0 event_penalty=0.0 data_uncertainty_penalty=2.0 size=1.00
2026-10-09 09:07:05,039 INFO src.event_risk.service: COFORGE event risk: score=0.00 level=VERY_LOW direction=UNCERTAIN readiness=0.0->0.0 event_penalty=0.0 data_uncertainty_penalty=2.0 size=1.00
2026-10-09 09:07:05,085 INFO src.event_risk.service: COLPAL event risk: score=0.00 level=VERY_LOW direction=UNCERTAIN readiness=0.0->0.0 event_penalty=0.0 data_uncertainty_penalty=2.0 size=1.00
2026-10-09 09:07:05,125 INFO src.event_risk.service: CONCOR event risk: score=0.00 level=VERY_LOW direction=UNCERTAIN readiness=0.0->0.0 event_penalty=0.0 data_uncertainty_penalty=2.0 size=1.00
2026-10-09 09:07:05,158 INFO src.event_risk.service: CROMPTON event risk: score=0.00 level=VERY_LOW direction=UNCERTAIN readiness=0.0->0.0 event_penalty=0.0 data_uncertainty_penalty=2.0 size=1.00
2026-10-09 09:07:05,192 INFO src.event_risk.service: CUMMINSIND event risk: score=0.00 level=VERY_LOW direction=UNCERTAIN readiness=0.0->0.0 event_penalty=0.0 data_uncertainty_penalty=2.0 size=1.00
2026-10-09 09:07:05,226 INFO src.event_risk.service: DABUR event risk: score=0.00 level=VERY_LOW direction=UNCERTAIN readiness=0.0->0.0 event_penalty=0.0 data_uncertainty_penalty=2.0 size=1.00
2026-10-09 09:07:05,270 INFO src.event_risk.service: DELHIVERY event risk: score=0.00 level=VERY_LOW direction=UNCERTAIN readiness=0.0->0.0 event_penalty=0.0 data_uncertainty_penalty=2.0 size=1.00
2026-10-09 09:07:05,305 INFO src.event_risk.service: DIVISLAB event risk: score=0.00 level=VERY_LOW direction=UNCERTAIN readiness=0.0->0.0 event_penalty=0.0 data_uncertainty_penalty=2.0 size=1.00
2026-10-09 09:07:05,372 INFO src.event_risk.service: DIXON event risk: score=0.00 level=VERY_LOW direction=UNCERTAIN readiness=0.0->0.0 event_penalty=0.0 data_uncertainty_penalty=2.0 size=1.00
2026-10-09 09:07:05,419 INFO src.event_risk.service: DLF event risk: score=0.00 level=VERY_LOW direction=UNCERTAIN readiness=0.0->0.0 event_penalty=0.0 data_uncertainty_penalty=2.0 size=1.00
2026-10-09 09:07:05,456 INFO src.event_risk.service: DMART event risk: score=0.00 level=VERY_LOW direction=UNCERTAIN readiness=0.0->0.0 event_penalty=0.0 data_uncertainty_penalty=2.0 size=1.00
2026-10-09 09:07:05,501 INFO src.event_risk.service: DRREDDY event risk: score=0.00 level=VERY_LOW direction=UNCERTAIN readiness=0.0->0.0 event_penalty=0.0 data_uncertainty_penalty=2.0 size=1.00
2026-10-09 09:07:05,549 INFO src.event_risk.service: EICHERMOT event risk: score=0.00 level=VERY_LOW direction=UNCERTAIN readiness=0.0->0.0 event_penalty=0.0 data_uncertainty_penalty=2.0 size=1.00
2026-10-09 09:07:05,587 INFO src.event_risk.service: ENRIN event risk: score=0.00 level=VERY_LOW direction=UNCERTAIN readiness=0.0->0.0 event_penalty=0.0 data_uncertainty_penalty=2.0 size=1.00
2026-10-09 09:07:05,619 INFO src.event_risk.service: ETERNAL event risk: score=0.00 level=VERY_LOW direction=UNCERTAIN readiness=0.0->0.0 event_penalty=0.0 data_uncertainty_penalty=2.0 size=1.00
2026-10-09 09:07:05,652 INFO src.event_risk.service: FEDERALBNK event risk: score=0.00 level=VERY_LOW direction=UNCERTAIN readiness=0.0->0.0 event_penalty=0.0 data_uncertainty_penalty=2.0 size=1.00
2026-10-09 09:07:05,690 INFO src.event_risk.service: FORCEMOT event risk: score=0.00 level=VERY_LOW direction=UNCERTAIN readiness=0.0->0.0 event_penalty=0.0 data_uncertainty_penalty=2.0 size=1.00
2026-10-09 09:07:05,732 INFO src.event_risk.service: FORTIS event risk: score=0.00 level=VERY_LOW direction=UNCERTAIN readiness=0.0->0.0 event_penalty=0.0 data_uncertainty_penalty=2.0 size=1.00
2026-10-09 09:07:05,775 INFO src.event_risk.service: GAIL event risk: score=0.00 level=VERY_LOW direction=UNCERTAIN readiness=0.0->0.0 event_penalty=0.0 data_uncertainty_penalty=2.0 size=1.00
2026-10-09 09:07:05,819 INFO src.event_risk.service: GLENMARK event risk: score=0.00 level=VERY_LOW direction=UNCERTAIN readiness=0.0->0.0 event_penalty=0.0 data_uncertainty_penalty=2.0 size=1.00
2026-10-09 09:07:05,912 INFO src.event_risk.service: GMRAIRPORT event risk: score=0.00 level=VERY_LOW direction=UNCERTAIN readiness=0.0->0.0 event_penalty=0.0 data_uncertainty_penalty=2.0 size=1.00
2026-10-09 09:07:05,951 INFO src.event_risk.service: GODFRYPHLP event risk: score=0.00 level=VERY_LOW direction=UNCERTAIN readiness=0.0->0.0 event_penalty=0.0 data_uncertainty_penalty=2.0 size=1.00
2026-10-09 09:07:05,989 INFO src.event_risk.service: GODREJCP event risk: score=0.00 level=VERY_LOW direction=UNCERTAIN readiness=0.0->0.0 event_penalty=0.0 data_uncertainty_penalty=2.0 size=1.00
2026-10-09 09:07:06,030 INFO src.event_risk.service: GODREJPROP event risk: score=0.00 level=VERY_LOW direction=UNCERTAIN readiness=0.0->0.0 event_penalty=0.0 data_uncertainty_penalty=2.0 size=1.00
2026-10-09 09:07:06,063 INFO src.event_risk.service: GRASIM event risk: score=0.00 level=VERY_LOW direction=UNCERTAIN readiness=0.0->0.0 event_penalty=0.0 data_uncertainty_penalty=2.0 size=1.00
2026-10-09 09:07:06,096 INFO src.event_risk.service: GVT&D event risk: score=0.00 level=VERY_LOW direction=UNCERTAIN readiness=0.0->0.0 event_penalty=0.0 data_uncertainty_penalty=2.0 size=1.00
2026-10-09 09:07:06,129 INFO src.event_risk.service: HAL event risk: score=0.00 level=VERY_LOW direction=UNCERTAIN readiness=0.0->0.0 event_penalty=0.0 data_uncertainty_penalty=2.0 size=1.00
2026-10-09 09:07:06,163 INFO src.event_risk.service: HAVELLS event risk: score=0.00 level=VERY_LOW direction=UNCERTAIN readiness=0.0->0.0 event_penalty=0.0 data_uncertainty_penalty=2.0 size=1.00
2026-10-09 09:07:06,197 INFO src.event_risk.service: HCLTECH event risk: score=0.00 level=VERY_LOW direction=UNCERTAIN readiness=0.0->0.0 event_penalty=0.0 data_uncertainty_penalty=2.0 size=1.00
2026-10-09 09:07:06,236 INFO src.event_risk.service: HDFCAMC event risk: score=0.00 level=VERY_LOW direction=UNCERTAIN readiness=0.0->0.0 event_penalty=0.0 data_uncertainty_penalty=2.0 size=1.00
2026-10-09 09:07:06,269 INFO src.event_risk.service: HDFCBANK event risk: score=0.00 level=VERY_LOW direction=UNCERTAIN readiness=0.0->0.0 event_penalty=0.0 data_uncertainty_penalty=2.0 size=1.00
2026-10-09 09:07:06,308 INFO src.event_risk.service: HDFCLIFE event risk: score=0.00 level=VERY_LOW direction=UNCERTAIN readiness=0.0->0.0 event_penalty=0.0 data_uncertainty_penalty=2.0 size=1.00
2026-10-09 09:07:06,341 INFO src.event_risk.service: HEROMOTOCO event risk: score=0.00 level=VERY_LOW direction=UNCERTAIN readiness=0.0->0.0 event_penalty=0.0 data_uncertainty_penalty=2.0 size=1.00
2026-10-09 09:07:06,381 INFO src.event_risk.service: HINDALCO event risk: score=0.00 level=VERY_LOW direction=UNCERTAIN readiness=0.0->0.0 event_penalty=0.0 data_uncertainty_penalty=2.0 size=1.00
2026-10-09 09:07:06,420 INFO src.event_risk.service: HINDPETRO event risk: score=0.00 level=VERY_LOW direction=UNCERTAIN readiness=0.0->0.0 event_penalty=0.0 data_uncertainty_penalty=2.0 size=1.00
2026-10-09 09:07:06,460 INFO src.event_risk.service: HINDUNILVR event risk: score=0.00 level=VERY_LOW direction=UNCERTAIN readiness=0.0->0.0 event_penalty=0.0 data_uncertainty_penalty=2.0 size=1.00
2026-10-09 09:07:06,509 INFO src.event_risk.service: HINDZINC event risk: score=0.00 level=VERY_LOW direction=UNCERTAIN readiness=0.0->0.0 event_penalty=0.0 data_uncertainty_penalty=2.0 size=1.00
2026-10-09 09:07:06,545 INFO src.event_risk.service: HYUNDAI event risk: score=0.00 level=VERY_LOW direction=UNCERTAIN readiness=0.0->0.0 event_penalty=0.0 data_uncertainty_penalty=2.0 size=1.00
2026-10-09 09:07:06,585 INFO src.event_risk.service: ICICIBANK event risk: score=0.00 level=VERY_LOW direction=UNCERTAIN readiness=0.0->0.0 event_penalty=0.0 data_uncertainty_penalty=2.0 size=1.00
2026-10-09 09:07:06,625 INFO src.event_risk.service: ICICIGI event risk: score=0.00 level=VERY_LOW direction=UNCERTAIN readiness=0.0->0.0 event_penalty=0.0 data_uncertainty_penalty=2.0 size=1.00
2026-10-09 09:07:06,662 INFO src.event_risk.service: ICICIPRULI event risk: score=0.00 level=VERY_LOW direction=UNCERTAIN readiness=0.0->0.0 event_penalty=0.0 data_uncertainty_penalty=2.0 size=1.00
2026-10-09 09:07:06,725 INFO src.event_risk.service: IDEA event risk: score=0.00 level=VERY_LOW direction=UNCERTAIN readiness=0.0->0.0 event_penalty=0.0 data_uncertainty_penalty=2.0 size=1.00
2026-10-09 09:07:06,760 INFO src.event_risk.service: IDFCFIRSTB event risk: score=0.00 level=VERY_LOW direction=UNCERTAIN readiness=0.0->0.0 event_penalty=0.0 data_uncertainty_penalty=2.0 size=1.00
2026-10-09 09:07:06,800 INFO src.event_risk.service: IEX event risk: score=0.00 level=VERY_LOW direction=UNCERTAIN readiness=0.0->0.0 event_penalty=0.0 data_uncertainty_penalty=2.0 size=1.00
2026-10-09 09:07:06,864 INFO src.event_risk.service: INDHOTEL event risk: score=0.00 level=VERY_LOW direction=UNCERTAIN readiness=0.0->0.0 event_penalty=0.0 data_uncertainty_penalty=2.0 size=1.00
2026-10-09 09:07:06,899 INFO src.event_risk.service: INDIANB event risk: score=0.00 level=VERY_LOW direction=UNCERTAIN readiness=0.0->0.0 event_penalty=0.0 data_uncertainty_penalty=2.0 size=1.00
2026-10-09 09:07:06,939 INFO src.event_risk.service: INDIGO event risk: score=0.00 level=VERY_LOW direction=UNCERTAIN readiness=0.0->0.0 event_penalty=0.0 data_uncertainty_penalty=2.0 size=1.00
2026-10-09 09:07:06,972 INFO src.event_risk.service: INDUSINDBK event risk: score=0.00 level=VERY_LOW direction=UNCERTAIN readiness=0.0->0.0 event_penalty=0.0 data_uncertainty_penalty=2.0 size=1.00
2026-10-09 09:07:07,013 INFO src.event_risk.service: INDUSTOWER event risk: score=0.00 level=VERY_LOW direction=UNCERTAIN readiness=0.0->0.0 event_penalty=0.0 data_uncertainty_penalty=2.0 size=1.00
2026-10-09 09:07:07,055 INFO src.event_risk.service: INFY event risk: score=0.00 level=VERY_LOW direction=UNCERTAIN readiness=0.0->0.0 event_penalty=0.0 data_uncertainty_penalty=2.0 size=1.00
2026-10-09 09:07:07,108 INFO src.event_risk.service: INOXWIND event risk: score=0.00 level=VERY_LOW direction=UNCERTAIN readiness=0.0->0.0 event_penalty=0.0 data_uncertainty_penalty=2.0 size=1.00
2026-10-09 09:07:07,141 INFO src.event_risk.service: IOC event risk: score=0.00 level=VERY_LOW direction=UNCERTAIN readiness=0.0->0.0 event_penalty=0.0 data_uncertainty_penalty=2.0 size=1.00
2026-10-09 09:07:07,181 INFO src.event_risk.service: IREDA event risk: score=0.00 level=VERY_LOW direction=UNCERTAIN readiness=0.0->0.0 event_penalty=0.0 data_uncertainty_penalty=2.0 size=1.00
2026-10-09 09:07:07,214 INFO src.event_risk.service: IRFC event risk: score=0.00 level=VERY_LOW direction=UNCERTAIN readiness=0.0->0.0 event_penalty=0.0 data_uncertainty_penalty=2.0 size=1.00
2026-10-09 09:07:07,251 INFO src.event_risk.service: ITC event risk: score=0.00 level=VERY_LOW direction=UNCERTAIN readiness=0.0->0.0 event_penalty=0.0 data_uncertainty_penalty=2.0 size=1.00
2026-10-09 09:07:07,288 INFO src.event_risk.service: JINDALSTEL event risk: score=0.00 level=VERY_LOW direction=UNCERTAIN readiness=0.0->0.0 event_penalty=0.0 data_uncertainty_penalty=2.0 size=1.00
2026-10-09 09:07:07,327 INFO src.event_risk.service: JIOFIN event risk: score=0.00 level=VERY_LOW direction=UNCERTAIN readiness=0.0->0.0 event_penalty=0.0 data_uncertainty_penalty=2.0 size=1.00
2026-10-09 09:07:07,361 INFO src.event_risk.service: JSWENERGY event risk: score=0.00 level=VERY_LOW direction=UNCERTAIN readiness=0.0->0.0 event_penalty=0.0 data_uncertainty_penalty=2.0 size=1.00
2026-10-09 09:07:07,404 INFO src.event_risk.service: JSWSTEEL event risk: score=0.00 level=VERY_LOW direction=UNCERTAIN readiness=0.0->0.0 event_penalty=0.0 data_uncertainty_penalty=2.0 size=1.00
2026-10-09 09:07:07,478 INFO src.event_risk.service: JUBLFOOD event risk: score=0.00 level=VERY_LOW direction=UNCERTAIN readiness=0.0->0.0 event_penalty=0.0 data_uncertainty_penalty=2.0 size=1.00
2026-10-09 09:07:07,525 INFO src.event_risk.service: KALYANKJIL event risk: score=0.00 level=VERY_LOW direction=UNCERTAIN readiness=0.0->0.0 event_penalty=0.0 data_uncertainty_penalty=2.0 size=1.00
2026-10-09 09:07:07,636 INFO src.event_risk.service: KAYNES event risk: score=0.00 level=VERY_LOW direction=UNCERTAIN readiness=0.0->0.0 event_penalty=0.0 data_uncertainty_penalty=2.0 size=1.00
2026-10-09 09:07:07,698 INFO src.event_risk.service: KEI event risk: score=0.00 level=VERY_LOW direction=UNCERTAIN readiness=0.0->0.0 event_penalty=0.0 data_uncertainty_penalty=2.0 size=1.00
2026-10-09 09:07:07,742 INFO src.event_risk.service: KFINTECH event risk: score=0.00 level=VERY_LOW direction=UNCERTAIN readiness=0.0->0.0 event_penalty=0.0 data_uncertainty_penalty=2.0 size=1.00
2026-10-09 09:07:07,777 INFO src.event_risk.service: KOTAKBANK event risk: score=0.00 level=VERY_LOW direction=UNCERTAIN readiness=0.0->0.0 event_penalty=0.0 data_uncertainty_penalty=2.0 size=1.00
2026-10-09 09:07:07,839 INFO src.event_risk.service: KPITTECH event risk: score=0.00 level=VERY_LOW direction=UNCERTAIN readiness=0.0->0.0 event_penalty=0.0 data_uncertainty_penalty=2.0 size=1.00
2026-10-09 09:07:07,895 INFO src.event_risk.service: LAURUSLABS event risk: score=0.00 level=VERY_LOW direction=UNCERTAIN readiness=0.0->0.0 event_penalty=0.0 data_uncertainty_penalty=2.0 size=1.00
2026-10-09 09:07:07,945 INFO src.event_risk.service: LICHSGFIN event risk: score=0.00 level=VERY_LOW direction=UNCERTAIN readiness=0.0->0.0 event_penalty=0.0 data_uncertainty_penalty=2.0 size=1.00
2026-10-09 09:07:07,983 INFO src.event_risk.service: LICI event risk: score=0.00 level=VERY_LOW direction=UNCERTAIN readiness=0.0->0.0 event_penalty=0.0 data_uncertainty_penalty=2.0 size=1.00
2026-10-09 09:07:08,018 INFO src.event_risk.service: LODHA event risk: score=0.00 level=VERY_LOW direction=UNCERTAIN readiness=0.0->0.0 event_penalty=0.0 data_uncertainty_penalty=2.0 size=1.00
2026-10-09 09:07:08,053 INFO src.event_risk.service: LT event risk: score=0.00 level=VERY_LOW direction=UNCERTAIN readiness=0.0->0.0 event_penalty=0.0 data_uncertainty_penalty=2.0 size=1.00
2026-10-09 09:07:08,088 INFO src.event_risk.service: LTF event risk: score=0.00 level=VERY_LOW direction=UNCERTAIN readiness=0.0->0.0 event_penalty=0.0 data_uncertainty_penalty=2.0 size=1.00
2026-10-09 09:07:08,123 INFO src.event_risk.service: LTM event risk: score=0.00 level=VERY_LOW direction=UNCERTAIN readiness=0.0->0.0 event_penalty=0.0 data_uncertainty_penalty=2.0 size=1.00
2026-10-09 09:07:08,164 INFO src.event_risk.service: LUPIN event risk: score=0.00 level=VERY_LOW direction=UNCERTAIN readiness=0.0->0.0 event_penalty=0.0 data_uncertainty_penalty=2.0 size=1.00
2026-10-09 09:07:08,207 INFO src.event_risk.service: M&M event risk: score=0.00 level=VERY_LOW direction=UNCERTAIN readiness=0.0->0.0 event_penalty=0.0 data_uncertainty_penalty=2.0 size=1.00
2026-10-09 09:07:08,248 INFO src.event_risk.service: MAHABANK event risk: score=0.00 level=VERY_LOW direction=UNCERTAIN readiness=0.0->0.0 event_penalty=0.0 data_uncertainty_penalty=2.0 size=1.00
2026-10-09 09:07:08,289 INFO src.event_risk.service: MANAPPURAM event risk: score=0.00 level=VERY_LOW direction=UNCERTAIN readiness=0.0->0.0 event_penalty=0.0 data_uncertainty_penalty=2.0 size=1.00
2026-10-09 09:07:08,323 INFO src.event_risk.service: MANKIND event risk: score=0.00 level=VERY_LOW direction=UNCERTAIN readiness=0.0->0.0 event_penalty=0.0 data_uncertainty_penalty=2.0 size=1.00
2026-10-09 09:07:08,362 INFO src.event_risk.service: MARICO event risk: score=0.00 level=VERY_LOW direction=UNCERTAIN readiness=0.0->0.0 event_penalty=0.0 data_uncertainty_penalty=2.0 size=1.00
2026-10-09 09:07:08,402 INFO src.event_risk.service: MARUTI event risk: score=0.00 level=VERY_LOW direction=UNCERTAIN readiness=0.0->0.0 event_penalty=0.0 data_uncertainty_penalty=2.0 size=1.00
2026-10-09 09:07:08,442 INFO src.event_risk.service: MAXHEALTH event risk: score=0.00 level=VERY_LOW direction=UNCERTAIN readiness=0.0->0.0 event_penalty=0.0 data_uncertainty_penalty=2.0 size=1.00
2026-10-09 09:07:08,458 INFO src.event_risk.service: MAZDOCK event risk: score=0.00 level=VERY_LOW direction=UNCERTAIN readiness=0.0->0.0 event_penalty=0.0 data_uncertainty_penalty=2.0 size=1.00
2026-10-09 09:07:08,474 INFO src.event_risk.service: MCX event risk: score=0.00 level=VERY_LOW direction=UNCERTAIN readiness=0.0->0.0 event_penalty=0.0 data_uncertainty_penalty=2.0 size=1.00
2026-10-09 09:07:08,492 INFO src.event_risk.service: MFSL event risk: score=0.00 level=VERY_LOW direction=UNCERTAIN readiness=0.0->0.0 event_penalty=0.0 data_uncertainty_penalty=2.0 size=1.00
2026-10-09 09:07:08,508 INFO src.event_risk.service: MOTHERSON event risk: score=0.00 level=VERY_LOW direction=UNCERTAIN readiness=0.0->0.0 event_penalty=0.0 data_uncertainty_penalty=2.0 size=1.00
2026-10-09 09:07:08,538 INFO src.event_risk.service: MOTILALOFS event risk: score=0.00 level=VERY_LOW direction=UNCERTAIN readiness=0.0->0.0 event_penalty=0.0 data_uncertainty_penalty=2.0 size=1.00
2026-10-09 09:07:08,567 INFO src.event_risk.service: MPHASIS event risk: score=0.00 level=VERY_LOW direction=UNCERTAIN readiness=0.0->0.0 event_penalty=0.0 data_uncertainty_penalty=2.0 size=1.00
2026-10-09 09:07:08,589 INFO src.event_risk.service: MUTHOOTFIN event risk: score=0.00 level=VERY_LOW direction=UNCERTAIN readiness=0.0->0.0 event_penalty=0.0 data_uncertainty_penalty=2.0 size=1.00
2026-10-09 09:07:08,606 INFO src.event_risk.service: NAM-INDIA event risk: score=0.00 level=VERY_LOW direction=UNCERTAIN readiness=0.0->0.0 event_penalty=0.0 data_uncertainty_penalty=2.0 size=1.00
2026-10-09 09:07:08,621 INFO src.event_risk.service: NATIONALUM event risk: score=0.00 level=VERY_LOW direction=UNCERTAIN readiness=0.0->0.0 event_penalty=0.0 data_uncertainty_penalty=2.0 size=1.00
2026-10-09 09:07:08,645 INFO src.event_risk.service: NAUKRI event risk: score=0.00 level=VERY_LOW direction=UNCERTAIN readiness=0.0->0.0 event_penalty=0.0 data_uncertainty_penalty=2.0 size=1.00
2026-10-09 09:07:08,661 INFO src.event_risk.service: NBCC event risk: score=0.00 level=VERY_LOW direction=UNCERTAIN readiness=0.0->0.0 event_penalty=0.0 data_uncertainty_penalty=2.0 size=1.00
2026-10-09 09:07:08,683 INFO src.event_risk.service: NESTLEIND event risk: score=0.00 level=VERY_LOW direction=UNCERTAIN readiness=0.0->0.0 event_penalty=0.0 data_uncertainty_penalty=2.0 size=1.00
2026-10-09 09:07:08,705 INFO src.event_risk.service: NHPC event risk: score=0.00 level=VERY_LOW direction=UNCERTAIN readiness=0.0->0.0 event_penalty=0.0 data_uncertainty_penalty=2.0 size=1.00
2026-10-09 09:07:08,720 INFO src.event_risk.service: NIFTYFPI event risk: score=0.00 level=VERY_LOW direction=UNCERTAIN readiness=0.0->0.0 event_penalty=0.0 data_uncertainty_penalty=2.0 size=1.00
2026-10-09 09:07:08,723 INFO src.event_risk.service: NMDC event risk: score=0.00 level=VERY_LOW direction=UNCERTAIN readiness=0.0->0.0 event_penalty=0.0 data_uncertainty_penalty=2.0 size=1.00
2026-10-09 09:07:08,746 INFO src.event_risk.service: NTPC event risk: score=0.00 level=VERY_LOW direction=UNCERTAIN readiness=0.0->0.0 event_penalty=0.0 data_uncertainty_penalty=2.0 size=1.00
2026-10-09 09:07:08,763 INFO src.event_risk.service: NYKAA event risk: score=0.00 level=VERY_LOW direction=UNCERTAIN readiness=0.0->0.0 event_penalty=0.0 data_uncertainty_penalty=2.0 size=1.00
2026-10-09 09:07:08,779 INFO src.event_risk.service: OBEROIRLTY event risk: score=0.00 level=VERY_LOW direction=UNCERTAIN readiness=0.0->0.0 event_penalty=0.0 data_uncertainty_penalty=2.0 size=1.00
2026-10-09 09:07:08,795 INFO src.event_risk.service: OFSS event risk: score=0.00 level=VERY_LOW direction=UNCERTAIN readiness=0.0->0.0 event_penalty=0.0 data_uncertainty_penalty=2.0 size=1.00
2026-10-09 09:07:08,818 INFO src.event_risk.service: OIL event risk: score=0.00 level=VERY_LOW direction=UNCERTAIN readiness=0.0->0.0 event_penalty=0.0 data_uncertainty_penalty=2.0 size=1.00
2026-10-09 09:07:08,840 INFO src.event_risk.service: ONGC event risk: score=0.00 level=VERY_LOW direction=UNCERTAIN readiness=0.0->0.0 event_penalty=0.0 data_uncertainty_penalty=2.0 size=1.00
2026-10-09 09:07:08,865 INFO src.event_risk.service: PAGEIND event risk: score=0.00 level=VERY_LOW direction=UNCERTAIN readiness=0.0->0.0 event_penalty=0.0 data_uncertainty_penalty=2.0 size=1.00
2026-10-09 09:07:08,882 INFO src.event_risk.service: PATANJALI event risk: score=0.00 level=VERY_LOW direction=UNCERTAIN readiness=0.0->0.0 event_penalty=0.0 data_uncertainty_penalty=2.0 size=1.00
2026-10-09 09:07:08,905 INFO src.event_risk.service: PAYTM event risk: score=0.00 level=VERY_LOW direction=UNCERTAIN readiness=0.0->0.0 event_penalty=0.0 data_uncertainty_penalty=2.0 size=1.00
2026-10-09 09:07:08,921 INFO src.event_risk.service: PERSISTENT event risk: score=0.00 level=VERY_LOW direction=UNCERTAIN readiness=0.0->0.0 event_penalty=0.0 data_uncertainty_penalty=2.0 size=1.00
2026-10-09 09:07:08,943 INFO src.event_risk.service: PETRONET event risk: score=0.00 level=VERY_LOW direction=UNCERTAIN readiness=0.0->0.0 event_penalty=0.0 data_uncertainty_penalty=2.0 size=1.00
2026-10-09 09:07:08,965 INFO src.event_risk.service: PFC event risk: score=0.00 level=VERY_LOW direction=UNCERTAIN readiness=0.0->0.0 event_penalty=0.0 data_uncertainty_penalty=2.0 size=1.00
2026-10-09 09:07:08,982 INFO src.event_risk.service: PGEL event risk: score=0.00 level=VERY_LOW direction=UNCERTAIN readiness=0.0->0.0 event_penalty=0.0 data_uncertainty_penalty=2.0 size=1.00
2026-10-09 09:07:08,998 INFO src.event_risk.service: PHOENIXLTD event risk: score=0.00 level=VERY_LOW direction=UNCERTAIN readiness=0.0->0.0 event_penalty=0.0 data_uncertainty_penalty=2.0 size=1.00
2026-10-09 09:07:09,015 INFO src.event_risk.service: PIDILITIND event risk: score=0.00 level=VERY_LOW direction=UNCERTAIN readiness=0.0->0.0 event_penalty=0.0 data_uncertainty_penalty=2.0 size=1.00
2026-10-09 09:07:09,032 INFO src.event_risk.service: PIIND event risk: score=0.00 level=VERY_LOW direction=UNCERTAIN readiness=0.0->0.0 event_penalty=0.0 data_uncertainty_penalty=2.0 size=1.00
2026-10-09 09:07:09,048 INFO src.event_risk.service: PNB event risk: score=0.00 level=VERY_LOW direction=UNCERTAIN readiness=0.0->0.0 event_penalty=0.0 data_uncertainty_penalty=2.0 size=1.00
2026-10-09 09:07:09,078 INFO src.event_risk.service: PNBHOUSING event risk: score=0.00 level=VERY_LOW direction=UNCERTAIN readiness=0.0->0.0 event_penalty=0.0 data_uncertainty_penalty=2.0 size=1.00
2026-10-09 09:07:09,110 INFO src.event_risk.service: POLICYBZR event risk: score=0.00 level=VERY_LOW direction=UNCERTAIN readiness=0.0->0.0 event_penalty=0.0 data_uncertainty_penalty=2.0 size=1.00
2026-10-09 09:07:09,136 INFO src.event_risk.service: POLYCAB event risk: score=0.00 level=VERY_LOW direction=UNCERTAIN readiness=0.0->0.0 event_penalty=0.0 data_uncertainty_penalty=2.0 size=1.00
2026-10-09 09:07:09,165 INFO src.event_risk.service: POWERGRID event risk: score=0.00 level=VERY_LOW direction=UNCERTAIN readiness=0.0->0.0 event_penalty=0.0 data_uncertainty_penalty=2.0 size=1.00
2026-10-09 09:07:09,197 INFO src.event_risk.service: POWERINDIA event risk: score=0.00 level=VERY_LOW direction=UNCERTAIN readiness=0.0->0.0 event_penalty=0.0 data_uncertainty_penalty=2.0 size=1.00
2026-10-09 09:07:09,231 INFO src.event_risk.service: PREMIERENE event risk: score=0.00 level=VERY_LOW direction=UNCERTAIN readiness=0.0->0.0 event_penalty=0.0 data_uncertainty_penalty=2.0 size=1.00
2026-10-09 09:07:09,261 INFO src.event_risk.service: PRESTIGE event risk: score=0.00 level=VERY_LOW direction=UNCERTAIN readiness=0.0->0.0 event_penalty=0.0 data_uncertainty_penalty=2.0 size=1.00
2026-10-09 09:07:09,292 INFO src.event_risk.service: RADICO event risk: score=0.00 level=VERY_LOW direction=UNCERTAIN readiness=0.0->0.0 event_penalty=0.0 data_uncertainty_penalty=2.0 size=1.00
2026-10-09 09:07:09,326 INFO src.event_risk.service: RBLBANK event risk: score=0.00 level=VERY_LOW direction=UNCERTAIN readiness=0.0->0.0 event_penalty=0.0 data_uncertainty_penalty=2.0 size=1.00
2026-10-09 09:07:09,399 INFO src.event_risk.service: RECLTD event risk: score=0.00 level=VERY_LOW direction=UNCERTAIN readiness=0.0->0.0 event_penalty=0.0 data_uncertainty_penalty=2.0 size=1.00
2026-10-09 09:07:09,415 INFO src.event_risk.service: RELIANCE event risk: score=0.00 level=VERY_LOW direction=UNCERTAIN readiness=0.0->0.0 event_penalty=0.0 data_uncertainty_penalty=2.0 size=1.00
2026-10-09 09:07:09,437 INFO src.event_risk.service: RVNL event risk: score=0.00 level=VERY_LOW direction=UNCERTAIN readiness=0.0->0.0 event_penalty=0.0 data_uncertainty_penalty=2.0 size=1.00
2026-10-09 09:07:09,460 INFO src.event_risk.service: SAGILITY event risk: score=0.00 level=VERY_LOW direction=UNCERTAIN readiness=0.0->0.0 event_penalty=0.0 data_uncertainty_penalty=2.0 size=1.00
2026-10-09 09:07:09,487 INFO src.event_risk.service: SAIL event risk: score=0.00 level=VERY_LOW direction=UNCERTAIN readiness=0.0->0.0 event_penalty=0.0 data_uncertainty_penalty=2.0 size=1.00
2026-10-09 09:07:09,534 INFO src.event_risk.service: SBICARD event risk: score=0.00 level=VERY_LOW direction=UNCERTAIN readiness=0.0->0.0 event_penalty=0.0 data_uncertainty_penalty=2.0 size=1.00
2026-10-09 09:07:09,607 INFO src.event_risk.service: SBILIFE event risk: score=0.00 level=VERY_LOW direction=UNCERTAIN readiness=0.0->0.0 event_penalty=0.0 data_uncertainty_penalty=2.0 size=1.00
2026-10-09 09:07:09,632 INFO src.event_risk.service: SBIN event risk: score=0.00 level=VERY_LOW direction=UNCERTAIN readiness=0.0->0.0 event_penalty=0.0 data_uncertainty_penalty=2.0 size=1.00
2026-10-09 09:07:09,654 INFO src.event_risk.service: SHREECEM event risk: score=0.00 level=VERY_LOW direction=UNCERTAIN readiness=0.0->0.0 event_penalty=0.0 data_uncertainty_penalty=2.0 size=1.00
2026-10-09 09:07:09,672 INFO src.event_risk.service: SHRIRAMFIN event risk: score=0.00 level=VERY_LOW direction=UNCERTAIN readiness=0.0->0.0 event_penalty=0.0 data_uncertainty_penalty=2.0 size=1.00
2026-10-09 09:07:09,688 INFO src.event_risk.service: SIEMENS event risk: score=0.00 level=VERY_LOW direction=UNCERTAIN readiness=0.0->0.0 event_penalty=0.0 data_uncertainty_penalty=2.0 size=1.00
2026-10-09 09:07:09,704 INFO src.event_risk.service: SOLARINDS event risk: score=0.00 level=VERY_LOW direction=UNCERTAIN readiness=0.0->0.0 event_penalty=0.0 data_uncertainty_penalty=2.0 size=1.00
2026-10-09 09:07:09,720 INFO src.event_risk.service: SONACOMS event risk: score=0.00 level=VERY_LOW direction=UNCERTAIN readiness=0.0->0.0 event_penalty=0.0 data_uncertainty_penalty=2.0 size=1.00
2026-10-09 09:07:09,748 INFO src.event_risk.service: SRF event risk: score=0.00 level=VERY_LOW direction=UNCERTAIN readiness=0.0->0.0 event_penalty=0.0 data_uncertainty_penalty=2.0 size=1.00
2026-10-09 09:07:09,764 INFO src.event_risk.service: SUNPHARMA event risk: score=0.00 level=VERY_LOW direction=UNCERTAIN readiness=0.0->0.0 event_penalty=0.0 data_uncertainty_penalty=2.0 size=1.00
2026-10-09 09:07:09,786 INFO src.event_risk.service: SUPREMEIND event risk: score=0.00 level=VERY_LOW direction=UNCERTAIN readiness=0.0->0.0 event_penalty=0.0 data_uncertainty_penalty=2.0 size=1.00
2026-10-09 09:07:09,802 INFO src.event_risk.service: SUZLON event risk: score=0.00 level=VERY_LOW direction=UNCERTAIN readiness=0.0->0.0 event_penalty=0.0 data_uncertainty_penalty=2.0 size=1.00
2026-10-09 09:07:09,818 INFO src.event_risk.service: SWIGGY event risk: score=0.00 level=VERY_LOW direction=UNCERTAIN readiness=0.0->0.0 event_penalty=0.0 data_uncertainty_penalty=2.0 size=1.00
2026-10-09 09:07:09,834 INFO src.event_risk.service: TATACONSUM event risk: score=0.00 level=VERY_LOW direction=UNCERTAIN readiness=0.0->0.0 event_penalty=0.0 data_uncertainty_penalty=2.0 size=1.00
2026-10-09 09:07:09,869 INFO src.event_risk.service: TATAELXSI event risk: score=0.00 level=VERY_LOW direction=UNCERTAIN readiness=0.0->0.0 event_penalty=0.0 data_uncertainty_penalty=2.0 size=1.00
2026-10-09 09:07:09,896 INFO src.event_risk.service: TATAPOWER event risk: score=0.00 level=VERY_LOW direction=UNCERTAIN readiness=0.0->0.0 event_penalty=0.0 data_uncertainty_penalty=2.0 size=1.00
2026-10-09 09:07:09,911 INFO src.event_risk.service: TATASTEEL event risk: score=0.00 level=VERY_LOW direction=UNCERTAIN readiness=0.0->0.0 event_penalty=0.0 data_uncertainty_penalty=2.0 size=1.00
2026-10-09 09:07:09,932 INFO src.event_risk.service: TCS event risk: score=0.00 level=VERY_LOW direction=UNCERTAIN readiness=0.0->0.0 event_penalty=0.0 data_uncertainty_penalty=2.0 size=1.00
2026-10-09 09:07:09,953 INFO src.event_risk.service: TECHM event risk: score=0.00 level=VERY_LOW direction=UNCERTAIN readiness=0.0->0.0 event_penalty=0.0 data_uncertainty_penalty=2.0 size=1.00
2026-10-09 09:07:09,976 INFO src.event_risk.service: TIINDIA event risk: score=0.00 level=VERY_LOW direction=UNCERTAIN readiness=0.0->0.0 event_penalty=0.0 data_uncertainty_penalty=2.0 size=1.00
2026-10-09 09:07:09,998 INFO src.event_risk.service: TITAN event risk: score=0.00 level=VERY_LOW direction=UNCERTAIN readiness=0.0->0.0 event_penalty=0.0 data_uncertainty_penalty=2.0 size=1.00
2026-10-09 09:07:10,014 INFO src.event_risk.service: TMPV event risk: score=0.00 level=VERY_LOW direction=UNCERTAIN readiness=0.0->0.0 event_penalty=0.0 data_uncertainty_penalty=2.0 size=1.00
2026-10-09 09:07:10,037 INFO src.event_risk.service: TORNTPHARM event risk: score=0.00 level=VERY_LOW direction=UNCERTAIN readiness=0.0->0.0 event_penalty=0.0 data_uncertainty_penalty=2.0 size=1.00
2026-10-09 09:07:10,073 INFO src.event_risk.service: TRENT event risk: score=0.00 level=VERY_LOW direction=UNCERTAIN readiness=0.0->0.0 event_penalty=0.0 data_uncertainty_penalty=2.0 size=1.00
2026-10-09 09:07:10,094 INFO src.event_risk.service: TVSMOTOR event risk: score=0.00 level=VERY_LOW direction=UNCERTAIN readiness=0.0->0.0 event_penalty=0.0 data_uncertainty_penalty=2.0 size=1.00
2026-10-09 09:07:10,115 INFO src.event_risk.service: UJJIVANSFB event risk: score=0.00 level=VERY_LOW direction=UNCERTAIN readiness=0.0->0.0 event_penalty=0.0 data_uncertainty_penalty=2.0 size=1.00
2026-10-09 09:07:10,137 INFO src.event_risk.service: ULTRACEMCO event risk: score=0.00 level=VERY_LOW direction=UNCERTAIN readiness=0.0->0.0 event_penalty=0.0 data_uncertainty_penalty=2.0 size=1.00
2026-10-09 09:07:10,152 INFO src.event_risk.service: UNIONBANK event risk: score=0.00 level=VERY_LOW direction=UNCERTAIN readiness=0.0->0.0 event_penalty=0.0 data_uncertainty_penalty=2.0 size=1.00
2026-10-09 09:07:10,176 INFO src.event_risk.service: UNITDSPR event risk: score=0.00 level=VERY_LOW direction=UNCERTAIN readiness=0.0->0.0 event_penalty=0.0 data_uncertainty_penalty=2.0 size=1.00
2026-10-09 09:07:10,192 INFO src.event_risk.service: UNOMINDA event risk: score=0.00 level=VERY_LOW direction=UNCERTAIN readiness=0.0->0.0 event_penalty=0.0 data_uncertainty_penalty=2.0 size=1.00
2026-10-09 09:07:10,214 INFO src.event_risk.service: UPL event risk: score=0.00 level=VERY_LOW direction=UNCERTAIN readiness=0.0->0.0 event_penalty=0.0 data_uncertainty_penalty=2.0 size=1.00
2026-10-09 09:07:10,230 INFO src.event_risk.service: VBL event risk: score=0.00 level=VERY_LOW direction=UNCERTAIN readiness=0.0->0.0 event_penalty=0.0 data_uncertainty_penalty=2.0 size=1.00
2026-10-09 09:07:10,249 INFO src.event_risk.service: VEDL event risk: score=0.00 level=VERY_LOW direction=UNCERTAIN readiness=0.0->0.0 event_penalty=0.0 data_uncertainty_penalty=2.0 size=1.00
2026-10-09 09:07:10,265 INFO src.event_risk.service: VMM event risk: score=0.00 level=VERY_LOW direction=UNCERTAIN readiness=0.0->0.0 event_penalty=0.0 data_uncertainty_penalty=2.0 size=1.00
2026-10-09 09:07:10,280 INFO src.event_risk.service: VOLTAS event risk: score=0.00 level=VERY_LOW direction=UNCERTAIN readiness=0.0->0.0 event_penalty=0.0 data_uncertainty_penalty=2.0 size=1.00
2026-10-09 09:07:10,296 INFO src.event_risk.service: WAAREEENER event risk: score=0.00 level=VERY_LOW direction=UNCERTAIN readiness=0.0->0.0 event_penalty=0.0 data_uncertainty_penalty=2.0 size=1.00
2026-10-09 09:07:10,312 INFO src.event_risk.service: WIPRO event risk: score=0.00 level=VERY_LOW direction=UNCERTAIN readiness=0.0->0.0 event_penalty=0.0 data_uncertainty_penalty=2.0 size=1.00
2026-10-09 09:07:10,334 INFO src.event_risk.service: YESBANK event risk: score=0.00 level=VERY_LOW direction=UNCERTAIN readiness=0.0->0.0 event_penalty=0.0 data_uncertainty_penalty=2.0 size=1.00
2026-10-09 09:07:10,356 INFO src.event_risk.service: ZYDUSLIFE event risk: score=0.00 level=VERY_LOW direction=UNCERTAIN readiness=0.0->0.0 event_penalty=0.0 data_uncertainty_penalty=2.0 size=1.00
