2026-10-09 09:09:00,459 INFO src.event_risk.service: Event context: 2 raw items, 2 clusters, fetch=0.004s
2026-10-09 09:10:34,203 WARNING src.futures.scanner: Directional history failed for NIFTYFPI: ValueError
2026-10-09 09:10:41,903 INFO src.event_risk.service: 360ONE event risk: score=0.00 level=VERY_LOW direction=UNCERTAIN readiness=0.0->0.0 event_penalty=0.0 data_uncertainty_penalty=2.0 size=1.00
2026-10-09 09:10:41,938 INFO src.event_risk.service: ABB event risk: score=0.00 level=VERY_LOW direction=UNCERTAIN readiness=0.0->0.0 event_penalty=0.0 data_uncertainty_penalty=2.0 size=1.00
2026-10-09 09:10:41,980 INFO src.event_risk.service: ABCAPITAL event risk: score=0.00 level=VERY_LOW direction=UNCERTAIN readiness=0.0->0.0 event_penalty=0.0 data_uncertainty_penalty=2.0 size=1.00
2026-10-09 09:10:42,020 INFO src.event_risk.service: ADANIENSOL event risk: score=0.00 level=VERY_LOW direction=UNCERTAIN readiness=0.0->0.0 event_penalty=0.0 data_uncertainty_penalty=2.0 size=1.00
2026-10-09 09:10:42,062 INFO src.event_risk.service: ADANIENT event risk: score=0.00 level=VERY_LOW direction=UNCERTAIN readiness=0.0->0.0 event_penalty=0.0 data_uncertainty_penalty=2.0 size=1.00
2026-10-09 09:10:42,102 INFO src.event_risk.service: ADANIGREEN event risk: score=0.00 level=VERY_LOW direction=UNCERTAIN readiness=0.0->0.0 event_penalty=0.0 data_uncertainty_penalty=2.0 size=1.00
2026-10-09 09:10:42,142 INFO src.event_risk.service: ADANIPORTS event risk: score=0.00 level=VERY_LOW direction=UNCERTAIN readiness=0.0->0.0 event_penalty=0.0 data_uncertainty_penalty=2.0 size=1.00
2026-10-09 09:10:42,197 INFO src.event_risk.service: ADANIPOWER event risk: score=0.00 level=VERY_LOW direction=UNCERTAIN readiness=0.0->0.0 event_penalty=0.0 data_uncertainty_penalty=2.0 size=1.00
2026-10-09 09:10:42,238 INFO src.event_risk.service: ALKEM event risk: score=0.00 level=VERY_LOW direction=UNCERTAIN readiness=0.0->0.0 event_penalty=0.0 data_uncertainty_penalty=2.0 size=1.00
2026-10-09 09:10:42,296 INFO src.event_risk.service: AMBER event risk: score=0.00 level=VERY_LOW direction=UNCERTAIN readiness=0.0->0.0 event_penalty=0.0 data_uncertainty_penalty=2.0 size=1.00
2026-10-09 09:10:42,336 INFO src.event_risk.service: AMBUJACEM event risk: score=0.00 level=VERY_LOW direction=UNCERTAIN readiness=0.0->0.0 event_penalty=0.0 data_uncertainty_penalty=2.0 size=1.00
2026-10-09 09:10:42,377 INFO src.event_risk.service: ANANDRATHI event risk: score=25.00 level=LOW direction=VOLATILITY_ONLY readiness=0.0->0.0 event_penalty=6.9 data_uncertainty_penalty=2.0 size=1.00
2026-10-09 09:10:42,421 INFO src.event_risk.service: ANGELONE event risk: score=0.00 level=VERY_LOW direction=UNCERTAIN readiness=0.0->0.0 event_penalty=0.0 data_uncertainty_penalty=2.0 size=1.00
2026-10-09 09:10:42,461 INFO src.event_risk.service: APLAPOLLO event risk: score=0.00 level=VERY_LOW direction=UNCERTAIN readiness=0.0->0.0 event_penalty=0.0 data_uncertainty_penalty=2.0 size=1.00
2026-10-09 09:10:42,549 INFO src.event_risk.service: APOLLOHOSP event risk: score=0.00 level=VERY_LOW direction=UNCERTAIN readiness=0.0->0.0 event_penalty=0.0 data_uncertainty_penalty=2.0 size=1.00
2026-10-09 09:10:42,617 INFO src.event_risk.service: ASHOKLEY event risk: score=0.00 level=VERY_LOW direction=UNCERTAIN readiness=0.0->0.0 event_penalty=0.0 data_uncertainty_penalty=2.0 size=1.00
2026-10-09 09:10:42,723 INFO src.event_risk.service: ASIANPAINT event risk: score=0.00 level=VERY_LOW direction=UNCERTAIN readiness=0.0->0.0 event_penalty=0.0 data_uncertainty_penalty=2.0 size=1.00
2026-10-09 09:10:42,762 INFO src.event_risk.service: ASTRAL event risk: score=0.00 level=VERY_LOW direction=UNCERTAIN readiness=0.0->0.0 event_penalty=0.0 data_uncertainty_penalty=2.0 size=1.00
2026-10-09 09:10:42,805 INFO src.event_risk.service: ATHERENERG event risk: score=0.00 level=VERY_LOW direction=UNCERTAIN readiness=0.0->0.0 event_penalty=0.0 data_uncertainty_penalty=2.0 size=1.00
2026-10-09 09:10:42,857 INFO src.event_risk.service: AUBANK event risk: score=0.00 level=VERY_LOW direction=UNCERTAIN readiness=0.0->0.0 event_penalty=0.0 data_uncertainty_penalty=2.0 size=1.00
2026-10-09 09:10:42,959 INFO src.event_risk.service: AUROPHARMA event risk: score=0.00 level=VERY_LOW direction=UNCERTAIN readiness=0.0->0.0 event_penalty=0.0 data_uncertainty_penalty=2.0 size=1.00
2026-10-09 09:10:43,009 INFO src.event_risk.service: AXISBANK event risk: score=0.00 level=VERY_LOW direction=UNCERTAIN readiness=0.0->0.0 event_penalty=0.0 data_uncertainty_penalty=2.0 size=1.00
2026-10-09 09:10:43,060 INFO src.event_risk.service: BAJAJ-AUTO event risk: score=0.00 level=VERY_LOW direction=UNCERTAIN readiness=0.0->0.0 event_penalty=0.0 data_uncertainty_penalty=2.0 size=1.00
2026-10-09 09:10:43,107 INFO src.event_risk.service: BAJAJFINSV event risk: score=0.00 level=VERY_LOW direction=UNCERTAIN readiness=0.0->0.0 event_penalty=0.0 data_uncertainty_penalty=2.0 size=1.00
2026-10-09 09:10:43,147 INFO src.event_risk.service: BAJAJHLDNG event risk: score=0.00 level=VERY_LOW direction=UNCERTAIN readiness=0.0->0.0 event_penalty=0.0 data_uncertainty_penalty=2.0 size=1.00
2026-10-09 09:10:43,187 INFO src.event_risk.service: BAJFINANCE event risk: score=0.00 level=VERY_LOW direction=UNCERTAIN readiness=0.0->0.0 event_penalty=0.0 data_uncertainty_penalty=2.0 size=1.00
2026-10-09 09:10:43,226 INFO src.event_risk.service: BANDHANBNK event risk: score=0.00 level=VERY_LOW direction=UNCERTAIN readiness=0.0->0.0 event_penalty=0.0 data_uncertainty_penalty=2.0 size=1.00
2026-10-09 09:10:43,274 INFO src.event_risk.service: BANKBARODA event risk: score=0.00 level=VERY_LOW direction=UNCERTAIN readiness=0.0->0.0 event_penalty=0.0 data_uncertainty_penalty=2.0 size=1.00
2026-10-09 09:10:43,322 INFO src.event_risk.service: BANKINDIA event risk: score=0.00 level=VERY_LOW direction=UNCERTAIN readiness=0.0->0.0 event_penalty=0.0 data_uncertainty_penalty=2.0 size=1.00
2026-10-09 09:10:43,369 INFO src.event_risk.service: BDL event risk: score=0.00 level=VERY_LOW direction=UNCERTAIN readiness=0.0->0.0 event_penalty=0.0 data_uncertainty_penalty=2.0 size=1.00
2026-10-09 09:10:43,408 INFO src.event_risk.service: BEL event risk: score=0.00 level=VERY_LOW direction=UNCERTAIN readiness=0.0->0.0 event_penalty=0.0 data_uncertainty_penalty=2.0 size=1.00
2026-10-09 09:10:43,447 INFO src.event_risk.service: BHARATFORG event risk: score=0.00 level=VERY_LOW direction=UNCERTAIN readiness=0.0->0.0 event_penalty=0.0 data_uncertainty_penalty=2.0 size=1.00
2026-10-09 09:10:43,505 INFO src.event_risk.service: BHARTIARTL event risk: score=0.00 level=VERY_LOW direction=UNCERTAIN readiness=0.0->0.0 event_penalty=0.0 data_uncertainty_penalty=2.0 size=1.00
2026-10-09 09:10:43,550 INFO src.event_risk.service: BHEL event risk: score=0.00 level=VERY_LOW direction=UNCERTAIN readiness=0.0->0.0 event_penalty=0.0 data_uncertainty_penalty=2.0 size=1.00
2026-10-09 09:10:43,616 INFO src.event_risk.service: BIOCON event risk: score=0.00 level=VERY_LOW direction=UNCERTAIN readiness=0.0->0.0 event_penalty=0.0 data_uncertainty_penalty=2.0 size=1.00
2026-10-09 09:10:43,664 INFO src.event_risk.service: BLUESTARCO event risk: score=0.00 level=VERY_LOW direction=UNCERTAIN readiness=0.0->0.0 event_penalty=0.0 data_uncertainty_penalty=2.0 size=1.00
2026-10-09 09:10:43,716 INFO src.event_risk.service: BOSCHLTD event risk: score=0.00 level=VERY_LOW direction=UNCERTAIN readiness=0.0->0.0 event_penalty=0.0 data_uncertainty_penalty=2.0 size=1.00
2026-10-09 09:10:43,852 INFO src.event_risk.service: BPCL event risk: score=0.00 level=VERY_LOW direction=UNCERTAIN readiness=0.0->0.0 event_penalty=0.0 data_uncertainty_penalty=2.0 size=1.00
2026-10-09 09:10:43,973 INFO src.event_risk.service: BRITANNIA event risk: score=0.00 level=VERY_LOW direction=UNCERTAIN readiness=0.0->0.0 event_penalty=0.0 data_uncertainty_penalty=2.0 size=1.00
2026-10-09 09:10:44,044 INFO src.event_risk.service: BSE event risk: score=0.00 level=VERY_LOW direction=UNCERTAIN readiness=0.0->0.0 event_penalty=0.0 data_uncertainty_penalty=2.0 size=1.00
2026-10-09 09:10:44,090 INFO src.event_risk.service: CAMS event risk: score=0.00 level=VERY_LOW direction=UNCERTAIN readiness=0.0->0.0 event_penalty=0.0 data_uncertainty_penalty=2.0 size=1.00
2026-10-09 09:10:44,149 INFO src.event_risk.service: CANBK event risk: score=0.00 level=VERY_LOW direction=UNCERTAIN readiness=0.0->0.0 event_penalty=0.0 data_uncertainty_penalty=2.0 size=1.00
2026-10-09 09:10:44,224 INFO src.event_risk.service: CDSL event risk: score=0.00 level=VERY_LOW direction=UNCERTAIN readiness=0.0->0.0 event_penalty=0.0 data_uncertainty_penalty=2.0 size=1.00
2026-10-09 09:10:44,263 INFO src.event_risk.service: CGPOWER event risk: score=0.00 level=VERY_LOW direction=UNCERTAIN readiness=0.0->0.0 event_penalty=0.0 data_uncertainty_penalty=2.0 size=1.00
2026-10-09 09:10:44,326 INFO src.event_risk.service: CHOLAFIN event risk: score=0.00 level=VERY_LOW direction=UNCERTAIN readiness=0.0->0.0 event_penalty=0.0 data_uncertainty_penalty=2.0 size=1.00
2026-10-09 09:10:44,366 INFO src.event_risk.service: CIPLA event risk: score=0.00 level=VERY_LOW direction=UNCERTAIN readiness=0.0->0.0 event_penalty=0.0 data_uncertainty_penalty=2.0 size=1.00
2026-10-09 09:10:44,415 INFO src.event_risk.service: COALINDIA event risk: score=0.00 level=VERY_LOW direction=UNCERTAIN readiness=0.0->0.0 event_penalty=0.0 data_uncertainty_penalty=2.0 size=1.00
2026-10-09 09:10:44,454 INFO src.event_risk.service: COCHINSHIP event risk: score=0.00 level=VERY_LOW direction=UNCERTAIN readiness=0.0->0.0 event_penalty=0.0 data_uncertainty_penalty=2.0 size=1.00
2026-10-09 09:10:44,497 INFO src.event_risk.service: COFORGE event risk: score=0.00 level=VERY_LOW direction=UNCERTAIN readiness=0.0->0.0 event_penalty=0.0 data_uncertainty_penalty=2.0 size=1.00
2026-10-09 09:10:44,549 INFO src.event_risk.service: COLPAL event risk: score=0.00 level=VERY_LOW direction=UNCERTAIN readiness=0.0->0.0 event_penalty=0.0 data_uncertainty_penalty=2.0 size=1.00
2026-10-09 09:10:44,603 INFO src.event_risk.service: CONCOR event risk: score=0.00 level=VERY_LOW direction=UNCERTAIN readiness=0.0->0.0 event_penalty=0.0 data_uncertainty_penalty=2.0 size=1.00
2026-10-09 09:10:44,642 INFO src.event_risk.service: CROMPTON event risk: score=0.00 level=VERY_LOW direction=UNCERTAIN readiness=0.0->0.0 event_penalty=0.0 data_uncertainty_penalty=2.0 size=1.00
2026-10-09 09:10:44,682 INFO src.event_risk.service: CUMMINSIND event risk: score=0.00 level=VERY_LOW direction=UNCERTAIN readiness=0.0->0.0 event_penalty=0.0 data_uncertainty_penalty=2.0 size=1.00
2026-10-09 09:10:44,729 INFO src.event_risk.service: DABUR event risk: score=0.00 level=VERY_LOW direction=UNCERTAIN readiness=0.0->0.0 event_penalty=0.0 data_uncertainty_penalty=2.0 size=1.00
2026-10-09 09:10:44,780 INFO src.event_risk.service: DELHIVERY event risk: score=0.00 level=VERY_LOW direction=UNCERTAIN readiness=0.0->0.0 event_penalty=0.0 data_uncertainty_penalty=2.0 size=1.00
2026-10-09 09:10:44,819 INFO src.event_risk.service: DIVISLAB event risk: score=0.00 level=VERY_LOW direction=UNCERTAIN readiness=0.0->0.0 event_penalty=0.0 data_uncertainty_penalty=2.0 size=1.00
2026-10-09 09:10:44,870 INFO src.event_risk.service: DIXON event risk: score=0.00 level=VERY_LOW direction=UNCERTAIN readiness=0.0->0.0 event_penalty=0.0 data_uncertainty_penalty=2.0 size=1.00
2026-10-09 09:10:44,910 INFO src.event_risk.service: DLF event risk: score=0.00 level=VERY_LOW direction=UNCERTAIN readiness=0.0->0.0 event_penalty=0.0 data_uncertainty_penalty=2.0 size=1.00
2026-10-09 09:10:44,953 INFO src.event_risk.service: DMART event risk: score=0.00 level=VERY_LOW direction=UNCERTAIN readiness=0.0->0.0 event_penalty=0.0 data_uncertainty_penalty=2.0 size=1.00
2026-10-09 09:10:44,993 INFO src.event_risk.service: DRREDDY event risk: score=0.00 level=VERY_LOW direction=UNCERTAIN readiness=0.0->0.0 event_penalty=0.0 data_uncertainty_penalty=2.0 size=1.00
2026-10-09 09:10:45,047 INFO src.event_risk.service: EICHERMOT event risk: score=0.00 level=VERY_LOW direction=UNCERTAIN readiness=0.0->0.0 event_penalty=0.0 data_uncertainty_penalty=2.0 size=1.00
2026-10-09 09:10:45,142 INFO src.event_risk.service: ENRIN event risk: score=0.00 level=VERY_LOW direction=UNCERTAIN readiness=0.0->0.0 event_penalty=0.0 data_uncertainty_penalty=2.0 size=1.00
2026-10-09 09:10:45,179 INFO src.event_risk.service: ETERNAL event risk: score=0.00 level=VERY_LOW direction=UNCERTAIN readiness=0.0->0.0 event_penalty=0.0 data_uncertainty_penalty=2.0 size=1.00
2026-10-09 09:10:45,223 INFO src.event_risk.service: FEDERALBNK event risk: score=0.00 level=VERY_LOW direction=UNCERTAIN readiness=0.0->0.0 event_penalty=0.0 data_uncertainty_penalty=2.0 size=1.00
2026-10-09 09:10:45,271 INFO src.event_risk.service: FORCEMOT event risk: score=0.00 level=VERY_LOW direction=UNCERTAIN readiness=0.0->0.0 event_penalty=0.0 data_uncertainty_penalty=2.0 size=1.00
2026-10-09 09:10:45,318 INFO src.event_risk.service: FORTIS event risk: score=0.00 level=VERY_LOW direction=UNCERTAIN readiness=0.0->0.0 event_penalty=0.0 data_uncertainty_penalty=2.0 size=1.00
2026-10-09 09:10:45,358 INFO src.event_risk.service: GAIL event risk: score=0.00 level=VERY_LOW direction=UNCERTAIN readiness=0.0->0.0 event_penalty=0.0 data_uncertainty_penalty=2.0 size=1.00
2026-10-09 09:10:45,406 INFO src.event_risk.service: GLENMARK event risk: score=0.00 level=VERY_LOW direction=UNCERTAIN readiness=0.0->0.0 event_penalty=0.0 data_uncertainty_penalty=2.0 size=1.00
2026-10-09 09:10:45,454 INFO src.event_risk.service: GMRAIRPORT event risk: score=0.00 level=VERY_LOW direction=UNCERTAIN readiness=0.0->0.0 event_penalty=0.0 data_uncertainty_penalty=2.0 size=1.00
2026-10-09 09:10:45,503 INFO src.event_risk.service: GODFRYPHLP event risk: score=0.00 level=VERY_LOW direction=UNCERTAIN readiness=0.0->0.0 event_penalty=0.0 data_uncertainty_penalty=2.0 size=1.00
2026-10-09 09:10:45,553 INFO src.event_risk.service: GODREJCP event risk: score=0.00 level=VERY_LOW direction=UNCERTAIN readiness=0.0->0.0 event_penalty=0.0 data_uncertainty_penalty=2.0 size=1.00
2026-10-09 09:10:45,602 INFO src.event_risk.service: GODREJPROP event risk: score=0.00 level=VERY_LOW direction=UNCERTAIN readiness=0.0->0.0 event_penalty=0.0 data_uncertainty_penalty=2.0 size=1.00
2026-10-09 09:10:45,667 INFO src.event_risk.service: GRASIM event risk: score=0.00 level=VERY_LOW direction=UNCERTAIN readiness=0.0->0.0 event_penalty=0.0 data_uncertainty_penalty=2.0 size=1.00
2026-10-09 09:10:45,714 INFO src.event_risk.service: GVT&D event risk: score=0.00 level=VERY_LOW direction=UNCERTAIN readiness=0.0->0.0 event_penalty=0.0 data_uncertainty_penalty=2.0 size=1.00
2026-10-09 09:10:45,768 INFO src.event_risk.service: HAL event risk: score=0.00 level=VERY_LOW direction=UNCERTAIN readiness=0.0->0.0 event_penalty=0.0 data_uncertainty_penalty=2.0 size=1.00
2026-10-09 09:10:45,807 INFO src.event_risk.service: HAVELLS event risk: score=0.00 level=VERY_LOW direction=UNCERTAIN readiness=0.0->0.0 event_penalty=0.0 data_uncertainty_penalty=2.0 size=1.00
2026-10-09 09:10:45,849 INFO src.event_risk.service: HCLTECH event risk: score=0.00 level=VERY_LOW direction=UNCERTAIN readiness=0.0->0.0 event_penalty=0.0 data_uncertainty_penalty=2.0 size=1.00
2026-10-09 09:10:45,896 INFO src.event_risk.service: HDFCAMC event risk: score=0.00 level=VERY_LOW direction=UNCERTAIN readiness=0.0->0.0 event_penalty=0.0 data_uncertainty_penalty=2.0 size=1.00
2026-10-09 09:10:45,934 INFO src.event_risk.service: HDFCBANK event risk: score=0.00 level=VERY_LOW direction=UNCERTAIN readiness=0.0->0.0 event_penalty=0.0 data_uncertainty_penalty=2.0 size=1.00
2026-10-09 09:10:45,981 INFO src.event_risk.service: HDFCLIFE event risk: score=0.00 level=VERY_LOW direction=UNCERTAIN readiness=0.0->0.0 event_penalty=0.0 data_uncertainty_penalty=2.0 size=1.00
2026-10-09 09:10:46,019 INFO src.event_risk.service: HEROMOTOCO event risk: score=0.00 level=VERY_LOW direction=UNCERTAIN readiness=0.0->0.0 event_penalty=0.0 data_uncertainty_penalty=2.0 size=1.00
2026-10-09 09:10:46,067 INFO src.event_risk.service: HINDALCO event risk: score=0.00 level=VERY_LOW direction=UNCERTAIN readiness=0.0->0.0 event_penalty=0.0 data_uncertainty_penalty=2.0 size=1.00
2026-10-09 09:10:46,114 INFO src.event_risk.service: HINDPETRO event risk: score=0.00 level=VERY_LOW direction=UNCERTAIN readiness=0.0->0.0 event_penalty=0.0 data_uncertainty_penalty=2.0 size=1.00
2026-10-09 09:10:46,161 INFO src.event_risk.service: HINDUNILVR event risk: score=0.00 level=VERY_LOW direction=UNCERTAIN readiness=0.0->0.0 event_penalty=0.0 data_uncertainty_penalty=2.0 size=1.00
2026-10-09 09:10:46,209 INFO src.event_risk.service: HINDZINC event risk: score=0.00 level=VERY_LOW direction=UNCERTAIN readiness=0.0->0.0 event_penalty=0.0 data_uncertainty_penalty=2.0 size=1.00
2026-10-09 09:10:46,250 INFO src.event_risk.service: HYUNDAI event risk: score=0.00 level=VERY_LOW direction=UNCERTAIN readiness=0.0->0.0 event_penalty=0.0 data_uncertainty_penalty=2.0 size=1.00
2026-10-09 09:10:46,298 INFO src.event_risk.service: ICICIBANK event risk: score=0.00 level=VERY_LOW direction=UNCERTAIN readiness=0.0->0.0 event_penalty=0.0 data_uncertainty_penalty=2.0 size=1.00
2026-10-09 09:10:46,347 INFO src.event_risk.service: ICICIGI event risk: score=0.00 level=VERY_LOW direction=UNCERTAIN readiness=0.0->0.0 event_penalty=0.0 data_uncertainty_penalty=2.0 size=1.00
2026-10-09 09:10:46,408 INFO src.event_risk.service: ICICIPRULI event risk: score=0.00 level=VERY_LOW direction=UNCERTAIN readiness=0.0->0.0 event_penalty=0.0 data_uncertainty_penalty=2.0 size=1.00
2026-10-09 09:10:46,447 INFO src.event_risk.service: IDEA event risk: score=0.00 level=VERY_LOW direction=UNCERTAIN readiness=0.0->0.0 event_penalty=0.0 data_uncertainty_penalty=2.0 size=1.00
2026-10-09 09:10:46,488 INFO src.event_risk.service: IDFCFIRSTB event risk: score=0.00 level=VERY_LOW direction=UNCERTAIN readiness=0.0->0.0 event_penalty=0.0 data_uncertainty_penalty=2.0 size=1.00
2026-10-09 09:10:46,537 INFO src.event_risk.service: IEX event risk: score=0.00 level=VERY_LOW direction=UNCERTAIN readiness=0.0->0.0 event_penalty=0.0 data_uncertainty_penalty=2.0 size=1.00
2026-10-09 09:10:46,579 INFO src.event_risk.service: INDHOTEL event risk: score=0.00 level=VERY_LOW direction=UNCERTAIN readiness=0.0->0.0 event_penalty=0.0 data_uncertainty_penalty=2.0 size=1.00
2026-10-09 09:10:46,619 INFO src.event_risk.service: INDIANB event risk: score=0.00 level=VERY_LOW direction=UNCERTAIN readiness=0.0->0.0 event_penalty=0.0 data_uncertainty_penalty=2.0 size=1.00
2026-10-09 09:10:46,668 INFO src.event_risk.service: INDIGO event risk: score=0.00 level=VERY_LOW direction=UNCERTAIN readiness=0.0->0.0 event_penalty=0.0 data_uncertainty_penalty=2.0 size=1.00
2026-10-09 09:10:46,708 INFO src.event_risk.service: INDUSINDBK event risk: score=0.00 level=VERY_LOW direction=UNCERTAIN readiness=0.0->0.0 event_penalty=0.0 data_uncertainty_penalty=2.0 size=1.00
2026-10-09 09:10:46,766 INFO src.event_risk.service: INDUSTOWER event risk: score=0.00 level=VERY_LOW direction=UNCERTAIN readiness=0.0->0.0 event_penalty=0.0 data_uncertainty_penalty=2.0 size=1.00
2026-10-09 09:10:46,806 INFO src.event_risk.service: INFY event risk: score=0.00 level=VERY_LOW direction=UNCERTAIN readiness=0.0->0.0 event_penalty=0.0 data_uncertainty_penalty=2.0 size=1.00
2026-10-09 09:10:46,860 INFO src.event_risk.service: INOXWIND event risk: score=0.00 level=VERY_LOW direction=UNCERTAIN readiness=0.0->0.0 event_penalty=0.0 data_uncertainty_penalty=2.0 size=1.00
2026-10-09 09:10:46,903 INFO src.event_risk.service: IOC event risk: score=0.00 level=VERY_LOW direction=UNCERTAIN readiness=0.0->0.0 event_penalty=0.0 data_uncertainty_penalty=2.0 size=1.00
2026-10-09 09:10:46,964 INFO src.event_risk.service: IREDA event risk: score=0.00 level=VERY_LOW direction=UNCERTAIN readiness=0.0->0.0 event_penalty=0.0 data_uncertainty_penalty=2.0 size=1.00
2026-10-09 09:10:47,011 INFO src.event_risk.service: IRFC event risk: score=0.00 level=VERY_LOW direction=UNCERTAIN readiness=0.0->0.0 event_penalty=0.0 data_uncertainty_penalty=2.0 size=1.00
2026-10-09 09:10:47,061 INFO src.event_risk.service: ITC event risk: score=0.00 level=VERY_LOW direction=UNCERTAIN readiness=0.0->0.0 event_penalty=0.0 data_uncertainty_penalty=2.0 size=1.00
2026-10-09 09:10:47,159 INFO src.event_risk.service: JINDALSTEL event risk: score=0.00 level=VERY_LOW direction=UNCERTAIN readiness=0.0->0.0 event_penalty=0.0 data_uncertainty_penalty=2.0 size=1.00
2026-10-09 09:10:47,207 INFO src.event_risk.service: JIOFIN event risk: score=0.00 level=VERY_LOW direction=UNCERTAIN readiness=0.0->0.0 event_penalty=0.0 data_uncertainty_penalty=2.0 size=1.00
2026-10-09 09:10:47,247 INFO src.event_risk.service: JSWENERGY event risk: score=0.00 level=VERY_LOW direction=UNCERTAIN readiness=0.0->0.0 event_penalty=0.0 data_uncertainty_penalty=2.0 size=1.00
2026-10-09 09:10:47,288 INFO src.event_risk.service: JSWSTEEL event risk: score=0.00 level=VERY_LOW direction=UNCERTAIN readiness=0.0->0.0 event_penalty=0.0 data_uncertainty_penalty=2.0 size=1.00
2026-10-09 09:10:47,343 INFO src.event_risk.service: JUBLFOOD event risk: score=0.00 level=VERY_LOW direction=UNCERTAIN readiness=0.0->0.0 event_penalty=0.0 data_uncertainty_penalty=2.0 size=1.00
2026-10-09 09:10:47,382 INFO src.event_risk.service: KALYANKJIL event risk: score=0.00 level=VERY_LOW direction=UNCERTAIN readiness=0.0->0.0 event_penalty=0.0 data_uncertainty_penalty=2.0 size=1.00
2026-10-09 09:10:47,424 INFO src.event_risk.service: KAYNES event risk: score=0.00 level=VERY_LOW direction=UNCERTAIN readiness=0.0->0.0 event_penalty=0.0 data_uncertainty_penalty=2.0 size=1.00
2026-10-09 09:10:47,462 INFO src.event_risk.service: KEI event risk: score=0.00 level=VERY_LOW direction=UNCERTAIN readiness=0.0->0.0 event_penalty=0.0 data_uncertainty_penalty=2.0 size=1.00
2026-10-09 09:10:47,504 INFO src.event_risk.service: KFINTECH event risk: score=0.00 level=VERY_LOW direction=UNCERTAIN readiness=0.0->0.0 event_penalty=0.0 data_uncertainty_penalty=2.0 size=1.00
2026-10-09 09:10:47,542 INFO src.event_risk.service: KOTAKBANK event risk: score=0.00 level=VERY_LOW direction=UNCERTAIN readiness=0.0->0.0 event_penalty=0.0 data_uncertainty_penalty=2.0 size=1.00
2026-10-09 09:10:47,590 INFO src.event_risk.service: KPITTECH event risk: score=0.00 level=VERY_LOW direction=UNCERTAIN readiness=0.0->0.0 event_penalty=0.0 data_uncertainty_penalty=2.0 size=1.00
2026-10-09 09:10:47,647 INFO src.event_risk.service: LAURUSLABS event risk: score=0.00 level=VERY_LOW direction=UNCERTAIN readiness=0.0->0.0 event_penalty=0.0 data_uncertainty_penalty=2.0 size=1.00
2026-10-09 09:10:47,758 INFO src.event_risk.service: LICHSGFIN event risk: score=0.00 level=VERY_LOW direction=UNCERTAIN readiness=0.0->0.0 event_penalty=0.0 data_uncertainty_penalty=2.0 size=1.00
2026-10-09 09:10:47,835 INFO src.event_risk.service: LICI event risk: score=0.00 level=VERY_LOW direction=UNCERTAIN readiness=0.0->0.0 event_penalty=0.0 data_uncertainty_penalty=2.0 size=1.00
2026-10-09 09:10:47,875 INFO src.event_risk.service: LODHA event risk: score=0.00 level=VERY_LOW direction=UNCERTAIN readiness=0.0->0.0 event_penalty=0.0 data_uncertainty_penalty=2.0 size=1.00
2026-10-09 09:10:47,916 INFO src.event_risk.service: LT event risk: score=0.00 level=VERY_LOW direction=UNCERTAIN readiness=0.0->0.0 event_penalty=0.0 data_uncertainty_penalty=2.0 size=1.00
2026-10-09 09:10:47,959 INFO src.event_risk.service: LTF event risk: score=0.00 level=VERY_LOW direction=UNCERTAIN readiness=0.0->0.0 event_penalty=0.0 data_uncertainty_penalty=2.0 size=1.00
2026-10-09 09:10:48,000 INFO src.event_risk.service: LTM event risk: score=0.00 level=VERY_LOW direction=UNCERTAIN readiness=0.0->0.0 event_penalty=0.0 data_uncertainty_penalty=2.0 size=1.00
2026-10-09 09:10:48,050 INFO src.event_risk.service: LUPIN event risk: score=0.00 level=VERY_LOW direction=UNCERTAIN readiness=0.0->0.0 event_penalty=0.0 data_uncertainty_penalty=2.0 size=1.00
2026-10-09 09:10:48,098 INFO src.event_risk.service: M&M event risk: score=0.00 level=VERY_LOW direction=UNCERTAIN readiness=0.0->0.0 event_penalty=0.0 data_uncertainty_penalty=2.0 size=1.00
2026-10-09 09:10:48,146 INFO src.event_risk.service: MAHABANK event risk: score=0.00 level=VERY_LOW direction=UNCERTAIN readiness=0.0->0.0 event_penalty=0.0 data_uncertainty_penalty=2.0 size=1.00
2026-10-09 09:10:48,194 INFO src.event_risk.service: MANAPPURAM event risk: score=0.00 level=VERY_LOW direction=UNCERTAIN readiness=0.0->0.0 event_penalty=0.0 data_uncertainty_penalty=2.0 size=1.00
2026-10-09 09:10:48,234 INFO src.event_risk.service: MANKIND event risk: score=0.00 level=VERY_LOW direction=UNCERTAIN readiness=0.0->0.0 event_penalty=0.0 data_uncertainty_penalty=2.0 size=1.00
2026-10-09 09:10:48,283 INFO src.event_risk.service: MARICO event risk: score=0.00 level=VERY_LOW direction=UNCERTAIN readiness=0.0->0.0 event_penalty=0.0 data_uncertainty_penalty=2.0 size=1.00
2026-10-09 09:10:48,333 INFO src.event_risk.service: MARUTI event risk: score=0.00 level=VERY_LOW direction=UNCERTAIN readiness=0.0->0.0 event_penalty=0.0 data_uncertainty_penalty=2.0 size=1.00
2026-10-09 09:10:48,381 INFO src.event_risk.service: MAXHEALTH event risk: score=0.00 level=VERY_LOW direction=UNCERTAIN readiness=0.0->0.0 event_penalty=0.0 data_uncertainty_penalty=2.0 size=1.00
2026-10-09 09:10:48,422 INFO src.event_risk.service: MAZDOCK event risk: score=0.00 level=VERY_LOW direction=UNCERTAIN readiness=0.0->0.0 event_penalty=0.0 data_uncertainty_penalty=2.0 size=1.00
2026-10-09 09:10:48,461 INFO src.event_risk.service: MCX event risk: score=0.00 level=VERY_LOW direction=UNCERTAIN readiness=0.0->0.0 event_penalty=0.0 data_uncertainty_penalty=2.0 size=1.00
2026-10-09 09:10:48,512 INFO src.event_risk.service: MFSL event risk: score=0.00 level=VERY_LOW direction=UNCERTAIN readiness=0.0->0.0 event_penalty=0.0 data_uncertainty_penalty=2.0 size=1.00
2026-10-09 09:10:48,552 INFO src.event_risk.service: MOTHERSON event risk: score=0.00 level=VERY_LOW direction=UNCERTAIN readiness=0.0->0.0 event_penalty=0.0 data_uncertainty_penalty=2.0 size=1.00
2026-10-09 09:10:48,601 INFO src.event_risk.service: MOTILALOFS event risk: score=0.00 level=VERY_LOW direction=UNCERTAIN readiness=0.0->0.0 event_penalty=0.0 data_uncertainty_penalty=2.0 size=1.00
2026-10-09 09:10:48,639 INFO src.event_risk.service: MPHASIS event risk: score=0.00 level=VERY_LOW direction=UNCERTAIN readiness=0.0->0.0 event_penalty=0.0 data_uncertainty_penalty=2.0 size=1.00
2026-10-09 09:10:48,686 INFO src.event_risk.service: MUTHOOTFIN event risk: score=0.00 level=VERY_LOW direction=UNCERTAIN readiness=0.0->0.0 event_penalty=0.0 data_uncertainty_penalty=2.0 size=1.00
2026-10-09 09:10:48,725 INFO src.event_risk.service: NAM-INDIA event risk: score=0.00 level=VERY_LOW direction=UNCERTAIN readiness=0.0->0.0 event_penalty=0.0 data_uncertainty_penalty=2.0 size=1.00
2026-10-09 09:10:48,764 INFO src.event_risk.service: NATIONALUM event risk: score=0.00 level=VERY_LOW direction=UNCERTAIN readiness=0.0->0.0 event_penalty=0.0 data_uncertainty_penalty=2.0 size=1.00
2026-10-09 09:10:48,820 INFO src.event_risk.service: NAUKRI event risk: score=0.00 level=VERY_LOW direction=UNCERTAIN readiness=0.0->0.0 event_penalty=0.0 data_uncertainty_penalty=2.0 size=1.00
2026-10-09 09:10:48,861 INFO src.event_risk.service: NBCC event risk: score=0.00 level=VERY_LOW direction=UNCERTAIN readiness=0.0->0.0 event_penalty=0.0 data_uncertainty_penalty=2.0 size=1.00
2026-10-09 09:10:48,911 INFO src.event_risk.service: NESTLEIND event risk: score=0.00 level=VERY_LOW direction=UNCERTAIN readiness=0.0->0.0 event_penalty=0.0 data_uncertainty_penalty=2.0 size=1.00
2026-10-09 09:10:48,960 INFO src.event_risk.service: NHPC event risk: score=0.00 level=VERY_LOW direction=UNCERTAIN readiness=0.0->0.0 event_penalty=0.0 data_uncertainty_penalty=2.0 size=1.00
2026-10-09 09:10:49,003 INFO src.event_risk.service: NIFTYFPI event risk: score=0.00 level=VERY_LOW direction=UNCERTAIN readiness=0.0->0.0 event_penalty=0.0 data_uncertainty_penalty=2.0 size=1.00
2026-10-09 09:10:49,006 INFO src.event_risk.service: NMDC event risk: score=0.00 level=VERY_LOW direction=UNCERTAIN readiness=0.0->0.0 event_penalty=0.0 data_uncertainty_penalty=2.0 size=1.00
2026-10-09 09:10:49,055 INFO src.event_risk.service: NTPC event risk: score=0.00 level=VERY_LOW direction=UNCERTAIN readiness=0.0->0.0 event_penalty=0.0 data_uncertainty_penalty=2.0 size=1.00
2026-10-09 09:10:49,098 INFO src.event_risk.service: NYKAA event risk: score=0.00 level=VERY_LOW direction=UNCERTAIN readiness=0.0->0.0 event_penalty=0.0 data_uncertainty_penalty=2.0 size=1.00
2026-10-09 09:10:49,191 INFO src.event_risk.service: OBEROIRLTY event risk: score=0.00 level=VERY_LOW direction=UNCERTAIN readiness=0.0->0.0 event_penalty=0.0 data_uncertainty_penalty=2.0 size=1.00
2026-10-09 09:10:49,260 INFO src.event_risk.service: OFSS event risk: score=0.00 level=VERY_LOW direction=UNCERTAIN readiness=0.0->0.0 event_penalty=0.0 data_uncertainty_penalty=2.0 size=1.00
2026-10-09 09:10:49,311 INFO src.event_risk.service: OIL event risk: score=0.00 level=VERY_LOW direction=UNCERTAIN readiness=0.0->0.0 event_penalty=0.0 data_uncertainty_penalty=2.0 size=1.00
2026-10-09 09:10:49,398 INFO src.event_risk.service: ONGC event risk: score=0.00 level=VERY_LOW direction=UNCERTAIN readiness=0.0->0.0 event_penalty=0.0 data_uncertainty_penalty=2.0 size=1.00
2026-10-09 09:10:49,449 INFO src.event_risk.service: PAGEIND event risk: score=0.00 level=VERY_LOW direction=UNCERTAIN readiness=0.0->0.0 event_penalty=0.0 data_uncertainty_penalty=2.0 size=1.00
2026-10-09 09:10:49,488 INFO src.event_risk.service: PATANJALI event risk: score=0.00 level=VERY_LOW direction=UNCERTAIN readiness=0.0->0.0 event_penalty=0.0 data_uncertainty_penalty=2.0 size=1.00
2026-10-09 09:10:49,543 INFO src.event_risk.service: PAYTM event risk: score=0.00 level=VERY_LOW direction=UNCERTAIN readiness=0.0->0.0 event_penalty=0.0 data_uncertainty_penalty=2.0 size=1.00
2026-10-09 09:10:49,580 INFO src.event_risk.service: PERSISTENT event risk: score=0.00 level=VERY_LOW direction=UNCERTAIN readiness=0.0->0.0 event_penalty=0.0 data_uncertainty_penalty=2.0 size=1.00
2026-10-09 09:10:49,648 INFO src.event_risk.service: PETRONET event risk: score=0.00 level=VERY_LOW direction=UNCERTAIN readiness=0.0->0.0 event_penalty=0.0 data_uncertainty_penalty=2.0 size=1.00
2026-10-09 09:10:49,695 INFO src.event_risk.service: PFC event risk: score=0.00 level=VERY_LOW direction=UNCERTAIN readiness=0.0->0.0 event_penalty=0.0 data_uncertainty_penalty=2.0 size=1.00
2026-10-09 09:10:49,736 INFO src.event_risk.service: PGEL event risk: score=0.00 level=VERY_LOW direction=UNCERTAIN readiness=0.0->0.0 event_penalty=0.0 data_uncertainty_penalty=2.0 size=1.00
2026-10-09 09:10:49,779 INFO src.event_risk.service: PHOENIXLTD event risk: score=0.00 level=VERY_LOW direction=UNCERTAIN readiness=0.0->0.0 event_penalty=0.0 data_uncertainty_penalty=2.0 size=1.00
2026-10-09 09:10:49,855 INFO src.event_risk.service: PIDILITIND event risk: score=0.00 level=VERY_LOW direction=UNCERTAIN readiness=0.0->0.0 event_penalty=0.0 data_uncertainty_penalty=2.0 size=1.00
2026-10-09 09:10:49,916 INFO src.event_risk.service: PIIND event risk: score=0.00 level=VERY_LOW direction=UNCERTAIN readiness=0.0->0.0 event_penalty=0.0 data_uncertainty_penalty=2.0 size=1.00
2026-10-09 09:10:49,954 INFO src.event_risk.service: PNB event risk: score=0.00 level=VERY_LOW direction=UNCERTAIN readiness=0.0->0.0 event_penalty=0.0 data_uncertainty_penalty=2.0 size=1.00
2026-10-09 09:10:50,011 INFO src.event_risk.service: PNBHOUSING event risk: score=0.00 level=VERY_LOW direction=UNCERTAIN readiness=0.0->0.0 event_penalty=0.0 data_uncertainty_penalty=2.0 size=1.00
2026-10-09 09:10:50,052 INFO src.event_risk.service: POLICYBZR event risk: score=0.00 level=VERY_LOW direction=UNCERTAIN readiness=0.0->0.0 event_penalty=0.0 data_uncertainty_penalty=2.0 size=1.00
2026-10-09 09:10:50,091 INFO src.event_risk.service: POLYCAB event risk: score=0.00 level=VERY_LOW direction=UNCERTAIN readiness=0.0->0.0 event_penalty=0.0 data_uncertainty_penalty=2.0 size=1.00
2026-10-09 09:10:50,130 INFO src.event_risk.service: POWERGRID event risk: score=0.00 level=VERY_LOW direction=UNCERTAIN readiness=0.0->0.0 event_penalty=0.0 data_uncertainty_penalty=2.0 size=1.00
2026-10-09 09:10:50,171 INFO src.event_risk.service: POWERINDIA event risk: score=0.00 level=VERY_LOW direction=UNCERTAIN readiness=0.0->0.0 event_penalty=0.0 data_uncertainty_penalty=2.0 size=1.00
2026-10-09 09:10:50,209 INFO src.event_risk.service: PREMIERENE event risk: score=0.00 level=VERY_LOW direction=UNCERTAIN readiness=0.0->0.0 event_penalty=0.0 data_uncertainty_penalty=2.0 size=1.00
2026-10-09 09:10:50,248 INFO src.event_risk.service: PRESTIGE event risk: score=0.00 level=VERY_LOW direction=UNCERTAIN readiness=0.0->0.0 event_penalty=0.0 data_uncertainty_penalty=2.0 size=1.00
2026-10-09 09:10:50,286 INFO src.event_risk.service: RADICO event risk: score=0.00 level=VERY_LOW direction=UNCERTAIN readiness=0.0->0.0 event_penalty=0.0 data_uncertainty_penalty=2.0 size=1.00
2026-10-09 09:10:50,325 INFO src.event_risk.service: RBLBANK event risk: score=0.00 level=VERY_LOW direction=UNCERTAIN readiness=0.0->0.0 event_penalty=0.0 data_uncertainty_penalty=2.0 size=1.00
2026-10-09 09:10:50,373 INFO src.event_risk.service: RECLTD event risk: score=0.00 level=VERY_LOW direction=UNCERTAIN readiness=0.0->0.0 event_penalty=0.0 data_uncertainty_penalty=2.0 size=1.00
2026-10-09 09:10:50,412 INFO src.event_risk.service: RELIANCE event risk: score=0.00 level=VERY_LOW direction=UNCERTAIN readiness=0.0->0.0 event_penalty=0.0 data_uncertainty_penalty=2.0 size=1.00
2026-10-09 09:10:50,459 INFO src.event_risk.service: RVNL event risk: score=0.00 level=VERY_LOW direction=UNCERTAIN readiness=0.0->0.0 event_penalty=0.0 data_uncertainty_penalty=2.0 size=1.00
2026-10-09 09:10:50,507 INFO src.event_risk.service: SAGILITY event risk: score=0.00 level=VERY_LOW direction=UNCERTAIN readiness=0.0->0.0 event_penalty=0.0 data_uncertainty_penalty=2.0 size=1.00
2026-10-09 09:10:50,555 INFO src.event_risk.service: SAIL event risk: score=0.00 level=VERY_LOW direction=UNCERTAIN readiness=0.0->0.0 event_penalty=0.0 data_uncertainty_penalty=2.0 size=1.00
2026-10-09 09:10:50,605 INFO src.event_risk.service: SBICARD event risk: score=0.00 level=VERY_LOW direction=UNCERTAIN readiness=0.0->0.0 event_penalty=0.0 data_uncertainty_penalty=2.0 size=1.00
2026-10-09 09:10:50,647 INFO src.event_risk.service: SBILIFE event risk: score=0.00 level=VERY_LOW direction=UNCERTAIN readiness=0.0->0.0 event_penalty=0.0 data_uncertainty_penalty=2.0 size=1.00
2026-10-09 09:10:50,688 INFO src.event_risk.service: SBIN event risk: score=0.00 level=VERY_LOW direction=UNCERTAIN readiness=0.0->0.0 event_penalty=0.0 data_uncertainty_penalty=2.0 size=1.00
2026-10-09 09:10:50,736 INFO src.event_risk.service: SHREECEM event risk: score=0.00 level=VERY_LOW direction=UNCERTAIN readiness=0.0->0.0 event_penalty=0.0 data_uncertainty_penalty=2.0 size=1.00
2026-10-09 09:10:50,775 INFO src.event_risk.service: SHRIRAMFIN event risk: score=0.00 level=VERY_LOW direction=UNCERTAIN readiness=0.0->0.0 event_penalty=0.0 data_uncertainty_penalty=2.0 size=1.00
2026-10-09 09:10:50,815 INFO src.event_risk.service: SIEMENS event risk: score=0.00 level=VERY_LOW direction=UNCERTAIN readiness=0.0->0.0 event_penalty=0.0 data_uncertainty_penalty=2.0 size=1.00
2026-10-09 09:10:50,866 INFO src.event_risk.service: SOLARINDS event risk: score=0.00 level=VERY_LOW direction=UNCERTAIN readiness=0.0->0.0 event_penalty=0.0 data_uncertainty_penalty=2.0 size=1.00
2026-10-09 09:10:50,904 INFO src.event_risk.service: SONACOMS event risk: score=0.00 level=VERY_LOW direction=UNCERTAIN readiness=0.0->0.0 event_penalty=0.0 data_uncertainty_penalty=2.0 size=1.00
2026-10-09 09:10:50,951 INFO src.event_risk.service: SRF event risk: score=0.00 level=VERY_LOW direction=UNCERTAIN readiness=0.0->0.0 event_penalty=0.0 data_uncertainty_penalty=2.0 size=1.00
2026-10-09 09:10:50,996 INFO src.event_risk.service: SUNPHARMA event risk: score=0.00 level=VERY_LOW direction=UNCERTAIN readiness=0.0->0.0 event_penalty=0.0 data_uncertainty_penalty=2.0 size=1.00
2026-10-09 09:10:51,046 INFO src.event_risk.service: SUPREMEIND event risk: score=0.00 level=VERY_LOW direction=UNCERTAIN readiness=0.0->0.0 event_penalty=0.0 data_uncertainty_penalty=2.0 size=1.00
2026-10-09 09:10:51,090 INFO src.event_risk.service: SUZLON event risk: score=0.00 level=VERY_LOW direction=UNCERTAIN readiness=0.0->0.0 event_penalty=0.0 data_uncertainty_penalty=2.0 size=1.00
2026-10-09 09:10:51,132 INFO src.event_risk.service: SWIGGY event risk: score=0.00 level=VERY_LOW direction=UNCERTAIN readiness=0.0->0.0 event_penalty=0.0 data_uncertainty_penalty=2.0 size=1.00
2026-10-09 09:10:51,182 INFO src.event_risk.service: TATACONSUM event risk: score=0.00 level=VERY_LOW direction=UNCERTAIN readiness=0.0->0.0 event_penalty=0.0 data_uncertainty_penalty=2.0 size=1.00
2026-10-09 09:10:51,291 INFO src.event_risk.service: TATAELXSI event risk: score=0.00 level=VERY_LOW direction=UNCERTAIN readiness=0.0->0.0 event_penalty=0.0 data_uncertainty_penalty=2.0 size=1.00
2026-10-09 09:10:51,342 INFO src.event_risk.service: TATAPOWER event risk: score=0.00 level=VERY_LOW direction=UNCERTAIN readiness=0.0->0.0 event_penalty=0.0 data_uncertainty_penalty=2.0 size=1.00
2026-10-09 09:10:51,381 INFO src.event_risk.service: TATASTEEL event risk: score=0.00 level=VERY_LOW direction=UNCERTAIN readiness=0.0->0.0 event_penalty=0.0 data_uncertainty_penalty=2.0 size=1.00
2026-10-09 09:10:51,432 INFO src.event_risk.service: TCS event risk: score=0.00 level=VERY_LOW direction=UNCERTAIN readiness=0.0->0.0 event_penalty=0.0 data_uncertainty_penalty=2.0 size=1.00
2026-10-09 09:10:51,480 INFO src.event_risk.service: TECHM event risk: score=0.00 level=VERY_LOW direction=UNCERTAIN readiness=0.0->0.0 event_penalty=0.0 data_uncertainty_penalty=2.0 size=1.00
2026-10-09 09:10:51,529 INFO src.event_risk.service: TIINDIA event risk: score=0.00 level=VERY_LOW direction=UNCERTAIN readiness=0.0->0.0 event_penalty=0.0 data_uncertainty_penalty=2.0 size=1.00
2026-10-09 09:10:51,577 INFO src.event_risk.service: TITAN event risk: score=0.00 level=VERY_LOW direction=UNCERTAIN readiness=0.0->0.0 event_penalty=0.0 data_uncertainty_penalty=2.0 size=1.00
2026-10-09 09:10:51,616 INFO src.event_risk.service: TMPV event risk: score=0.00 level=VERY_LOW direction=UNCERTAIN readiness=0.0->0.0 event_penalty=0.0 data_uncertainty_penalty=2.0 size=1.00
2026-10-09 09:10:51,663 INFO src.event_risk.service: TORNTPHARM event risk: score=0.00 level=VERY_LOW direction=UNCERTAIN readiness=0.0->0.0 event_penalty=0.0 data_uncertainty_penalty=2.0 size=1.00
2026-10-09 09:10:51,712 INFO src.event_risk.service: TRENT event risk: score=0.00 level=VERY_LOW direction=UNCERTAIN readiness=0.0->0.0 event_penalty=0.0 data_uncertainty_penalty=2.0 size=1.00
2026-10-09 09:10:51,752 INFO src.event_risk.service: TVSMOTOR event risk: score=0.00 level=VERY_LOW direction=UNCERTAIN readiness=0.0->0.0 event_penalty=0.0 data_uncertainty_penalty=2.0 size=1.00
2026-10-09 09:10:51,800 INFO src.event_risk.service: UJJIVANSFB event risk: score=0.00 level=VERY_LOW direction=UNCERTAIN readiness=0.0->0.0 event_penalty=0.0 data_uncertainty_penalty=2.0 size=1.00
2026-10-09 09:10:51,859 INFO src.event_risk.service: ULTRACEMCO event risk: score=0.00 level=VERY_LOW direction=UNCERTAIN readiness=0.0->0.0 event_penalty=0.0 data_uncertainty_penalty=2.0 size=1.00
2026-10-09 09:10:51,902 INFO src.event_risk.service: UNIONBANK event risk: score=0.00 level=VERY_LOW direction=UNCERTAIN readiness=0.0->0.0 event_penalty=0.0 data_uncertainty_penalty=2.0 size=1.00
2026-10-09 09:10:51,980 INFO src.event_risk.service: UNITDSPR event risk: score=0.00 level=VERY_LOW direction=UNCERTAIN readiness=0.0->0.0 event_penalty=0.0 data_uncertainty_penalty=2.0 size=1.00
2026-10-09 09:10:52,023 INFO src.event_risk.service: UNOMINDA event risk: score=0.00 level=VERY_LOW direction=UNCERTAIN readiness=0.0->0.0 event_penalty=0.0 data_uncertainty_penalty=2.0 size=1.00
2026-10-09 09:10:52,073 INFO src.event_risk.service: UPL event risk: score=0.00 level=VERY_LOW direction=UNCERTAIN readiness=0.0->0.0 event_penalty=0.0 data_uncertainty_penalty=2.0 size=1.00
2026-10-09 09:10:52,116 INFO src.event_risk.service: VBL event risk: score=0.00 level=VERY_LOW direction=UNCERTAIN readiness=0.0->0.0 event_penalty=0.0 data_uncertainty_penalty=2.0 size=1.00
2026-10-09 09:10:52,155 INFO src.event_risk.service: VEDL event risk: score=0.00 level=VERY_LOW direction=UNCERTAIN readiness=0.0->0.0 event_penalty=0.0 data_uncertainty_penalty=2.0 size=1.00
2026-10-09 09:10:52,201 INFO src.event_risk.service: VMM event risk: score=0.00 level=VERY_LOW direction=UNCERTAIN readiness=0.0->0.0 event_penalty=0.0 data_uncertainty_penalty=2.0 size=1.00
2026-10-09 09:10:52,242 INFO src.event_risk.service: VOLTAS event risk: score=0.00 level=VERY_LOW direction=UNCERTAIN readiness=0.0->0.0 event_penalty=0.0 data_uncertainty_penalty=2.0 size=1.00
2026-10-09 09:10:52,286 INFO src.event_risk.service: WAAREEENER event risk: score=0.00 level=VERY_LOW direction=UNCERTAIN readiness=0.0->0.0 event_penalty=0.0 data_uncertainty_penalty=2.0 size=1.00
2026-10-09 09:10:52,326 INFO src.event_risk.service: WIPRO event risk: score=0.00 level=VERY_LOW direction=UNCERTAIN readiness=0.0->0.0 event_penalty=0.0 data_uncertainty_penalty=2.0 size=1.00
2026-10-09 09:10:52,377 INFO src.event_risk.service: YESBANK event risk: score=0.00 level=VERY_LOW direction=UNCERTAIN readiness=0.0->0.0 event_penalty=0.0 data_uncertainty_penalty=2.0 size=1.00
2026-10-09 09:10:52,427 INFO src.event_risk.service: ZYDUSLIFE event risk: score=0.00 level=VERY_LOW direction=UNCERTAIN readiness=0.0->0.0 event_penalty=0.0 data_uncertainty_penalty=2.0 size=1.00
